lv_obj_style_dec.h:123:1:lv_obj_set_style_local_bg_color	16	static
lv_obj_style_dec.h:125:1:lv_obj_set_style_local_bg_opa	16	static
lv_obj_style_dec.h:159:1:lv_obj_set_style_local_value_str	24	static
lv_disp.h:120:20:lv_scr_load	16	static
lv_list.h:146:20:lv_list_set_edge_flash	16	static
lv_slider.h:83:20:lv_slider_set_value	16	static
lv_slider.h:105:20:lv_slider_set_range	16	static
lv_switch.h:113:20:lv_switch_get_state	24	static
lv_api_map.h:35:20:lv_task_once	16	static
settings.c:80:12:SETTINGS_Init	32	static
settings.c:125:6:SETTINGS_Show	16	static
settings.c:135:13:screen_evt_handler	16	static
settings.c:140:13:slider_brightness_evt_handler	24	static
settings.c:154:13:btn_img_return_evt_handler	16	static
settings.c:170:13:spinbox_plus_evt_handler	16	static
settings.c:181:13:spinbox_minus_event_cb	16	static
settings.c:191:13:btn_refresh_evt_handler	16	static
settings.c:201:13:btn_disconnect_evt_handler	80	static
settings.c:216:13:msgBox_event_handler	16	static
settings.c:231:13:connectNatwork_task	80	static
settings.c:251:13:keyboard_evt_handler	32	static
settings.c:293:13:list_btn_evt_handler	32	static
settings.c:340:13:switch_evt_handler	16	static
settings.c:348:13:setNetworks	104	static
settings.c:374:13:initDisplay	16	static
settings.c:401:13:initLabels	24	static
settings.c:434:13:initNetwork	16	static
settings.c:465:13:initSafeMode	16	static
