lv_anim.h:129:20:lv_anim_set_var	16	static
lv_anim.h:141:20:lv_anim_set_exec_cb	16	static
lv_anim.h:151:20:lv_anim_set_time	16	static
lv_anim.h:172:20:lv_anim_set_values	16	static
lv_obj_style_dec.h:123:1:lv_obj_set_style_local_bg_color	16	static
lv_obj_style_dec.h:125:1:lv_obj_set_style_local_bg_opa	16	static
lv_tileview.h:105:20:lv_tileview_set_edge_flash	16	static
lv_api_map.h:163:20:lv_page_set_scrlbar_mode	16	static
tiles.c:86:6:TILES_Init	24	static
tiles.c:109:13:refresh_task_handler	24	static
tiles.c:119:13:tiles_Refresh	16	static
tiles.c:129:13:tileview_evt_handler	32	static
tiles.c:151:13:icon_btn_evt_handler	128	static
tiles.c:199:13:anim_start_shift	24	static
tiles.c:219:13:descMsgBox_evt_handler	16	static
tiles.c:235:13:msgBox_event_handler	32	static
tiles.c:265:13:table_evt_handler	208	static
tiles.c:443:13:termstable_evt_handler	160	static
tiles.c:486:13:setIcon	24	static
tiles.c:495:13:setValidPos	16	static
tiles.c:507:13:setIconBtns	40	static
tiles.c:571:13:setTileCol	104	static
