wmi.c:133:7:wmi_init	24	static
wmi.c:152:6:wmi_qos_state_init	24	static
wmi.c:177:6:wmi_set_control_ep	16	static
wmi.c:184:1:wmi_get_control_ep	16	static
wmi.c:189:6:wmi_shutdown	16	static
wmi.c:208:1:wmi_dix_2_dot3	56	static
wmi.c:268:1:wmi_meta_add	48	static
wmi.c:324:1:wmi_data_hdr_add	32	static
wmi.c:383:16:wmi_determine_userPriority	24	static
wmi.c:406:9:wmi_implicit_create_pstream	48	static
wmi.c:458:1:wmi_dot3_2_dix	40	static
wmi.c:487:1:wmi_data_hdr_remove	16	static
wmi.c:495:17:wmi_test_ev_length	72	static
wmi.c:533:1:wmi_control_rx_xtnd	48	static
wmi.c:598:1:wmi_control_rx	112	static
wmi.c:907:17:wmi_errorEvent_rx	32	static
wmi.c:939:1:wmi_cmd_send	32	static
wmi.c:1002:1:wmi_ap_set_param	24	static
wmi.c:1208:1:wmi_storerecall_recall_cmd	40	static
wmi.c:1235:1:wmi_bssfilter_cmd	32	static
wmi.c:1246:10:wmi_socket_cmd	32	static
wmi.c:1265:17:wmi_test_event_rx	24	static
wmi.c:1275:17:wmi_p2p_goneg_result_event_rx	32	static
wmi.c:1282:17:wmi_p2p_list_peristent_network	24	static
wmi.c:1288:17:wmi_p2p_req_auth_event_rx	24	static
wmi.c:1294:17:wmi_p2p_node_list_event_rx	24	static
wmi.c:1300:17:wmi_p2p_prov_disc_resp_rx	24	static
wmi.c:1306:17:wmi_p2p_prov_disc_req_rx	24	static
wmi.c:1312:17:wmi_p2p_sdpd_event_rx	24	static
wmi.c:1318:17:wmi_p2p_invite_req_rx	24	static
wmi.c:1324:17:wmi_p2p_invite_rcvd_result_rx	24	static
wmi.c:1331:17:wmi_p2p_invite_sent_result_rx	24	static
wmi.c:1337:10:wmi_sdpd_send_cmd	32	static
wmi.c:1372:1:wmi_p2p_set_oppps	24	static
wmi.c:1392:10:wmi_p2p_set_noa	32	static
wmi.c:1428:6:wmi_save_key_info	16	static
wmi.c:1436:1:wmi_cmd_start	32	static
wmi.c:1640:10:wmi_dset_host_cfg_cmd	32	static
wmi.c:1671:10:wmi_set_appie_cmd	32	static
