lv_draw_mask.c:1194:49:lv_draw_mask_map	24	static
lv_draw_mask.c:1148:49:lv_draw_mask_fade	16	static
lv_draw_mask.c:436:49:lv_draw_mask_line	24	static
lv_draw_mask.c:756:49:lv_draw_mask_angle	40	static
lv_draw_mask.c:896:49:lv_draw_mask_radius	80	static
lv_draw_mask.c:79:9:lv_draw_mask_add	8	static
lv_draw_mask.c:109:42:lv_draw_mask_apply	40	static
lv_draw_mask.c:136:8:lv_draw_mask_remove_id	0	static
lv_draw_mask.c:155:8:lv_draw_mask_remove_custom	8	static
lv_draw_mask.c:173:31:lv_draw_mask_get_cnt	0	static
lv_draw_mask.c:194:6:lv_draw_mask_line_points_init	32	static
lv_draw_mask.c:283:6:lv_draw_mask_line_angle_init	40	static
lv_draw_mask.c:311:6:lv_draw_mask_angle_init	40	static
lv_draw_mask.c:376:6:lv_draw_mask_radius_init	16	static
lv_draw_mask.c:403:6:lv_draw_mask_fade_init	16	static
lv_draw_mask.c:423:6:lv_draw_mask_map_init	8	static
