api_ioctl.c:48:1:Program_CountryCode	120	static
api_ioctl.c:236:17:program_mac_addr	112	static
api_ioctl.c:359:13:Install_static_wep_keys	88	static
api_ioctl.c:629:13:security_ie_parse.constprop	36	static
api_ioctl.c:396:1:Api_DisconnectWiFi	16	static
api_ioctl.c:432:1:Api_ConnectWiFi	96	static
api_ioctl.c:696:1:Api_ParseInfoElem	32	static
api_ioctl.c:799:1:Api_DriverAccessCheck	32	static
api_ioctl.c:166:1:Api_ProgramCountryCode	40	static
api_ioctl.c:861:1:Api_ProgramMacAddress	32	static
api_ioctl.c:925:1:Api_SetPowerMode	8	static
api_ioctl.c:994:10:wait_scan_done	16	static
api_ioctl.c:1013:10:scan_setup	64	static
api_ioctl.c:1103:9:Util_Ascii2Hex	0	static
api_ioctl.c:1122:1:TxRawPacket	56	static
