api_wmi_rx.c:64:6:Api_TargetStatsEvent	0	static
api_wmi_rx.c:80:6:Api_RegDomainEvent	0	static
api_wmi_rx.c:93:6:Api_BitrateEvent	0	static
api_wmi_rx.c:105:6:Api_GetBitRateEvent	0	static
api_wmi_rx.c:119:6:Api_ChannelListEvent	16	static
api_wmi_rx.c:142:6:Api_ScanCompleteEvent	16	static
api_wmi_rx.c:165:6:Api_BssInfoEvent	0	static
api_wmi_rx.c:179:6:Api_TkipMicErrorEvent	16	static
api_wmi_rx.c:213:6:Api_GetPmkEvent	24	static
api_wmi_rx.c:239:6:Api_ConnectEvent	104	static
api_wmi_rx.c:335:6:Api_DisconnectEvent	72	static
api_wmi_rx.c:405:6:Api_HostDsetStoreEvent	24	static
api_wmi_rx.c:457:6:Api_HostDsetCreateEvent	16	static
api_wmi_rx.c:495:6:Api_HostDsetWriteEvent	16	static
api_wmi_rx.c:540:6:Api_HostDsetReadbackEvent	48	static
api_wmi_rx.c:612:6:Api_HostDsetSyncEvent	24	static
api_wmi_rx.c:647:6:Api_HostDsetReadEvent	24	static
api_wmi_rx.c:681:6:Api_dset_read_event	16	static
api_wmi_rx.c:711:6:Api_dset_write_event	16	static
api_wmi_rx.c:737:6:Api_DsetOPEvent	16	static
api_wmi_rx.c:882:6:Api_StoreRecallEvent	24	static
api_wmi_rx.c:942:6:Api_StoreRecallStartEvent	0	static
api_wmi_rx.c:990:6:Api_WpsProfileEvent	24	static
api_wmi_rx.c:1031:6:Api_AggrRecvAddbaReqEvent	0	static
api_wmi_rx.c:1050:6:Api_AggrRecvDelbaReqEvent	0	static
api_wmi_rx.c:1067:6:Api_ReadyEvent	32	static
api_wmi_rx.c:1088:6:Api_RSNASuccessEvent	0	static
api_wmi_rx.c:1103:6:Api_GetTemperatureReply	0	static
api_wmi_rx.c:1119:6:Api_GetWpsInitReply	0	static
api_wmi_rx.c:1136:6:Api_GetCountryCodeReply	8	static
api_wmi_rx.c:1149:6:Api_GetSetParamReply	0	static
api_wmi_rx.c:1250:6:Api_RxDbglogEvent	0	static
api_wmi_rx.c:1259:6:Api_RxGpioDataEvent	0	static
api_wmi_rx.c:1268:6:Api_RxHBChallengeEvent	0	static
api_wmi_rx.c:1285:6:Api_RxPfmDataEvent	0	static
api_wmi_rx.c:1295:6:Api_RxPfmDataDoneEvent	0	static
api_wmi_rx.c:1354:6:Api_p2p_go_neg_event	32	static
api_wmi_rx.c:1166:6:p2p_go_neg_event	0	static
api_wmi_rx.c:1382:6:Api_p2p_node_list_event	32	static
api_wmi_rx.c:1181:6:p2p_node_list_event	0	static
api_wmi_rx.c:1409:6:Api_p2p_req_auth_event	32	static
api_wmi_rx.c:1203:6:p2p_req_auth_event	0	static
api_wmi_rx.c:1430:6:Api_p2p_list_persistent_network_event	32	static
api_wmi_rx.c:1192:6:p2p_list_persistent_network_event	0	static
api_wmi_rx.c:1453:6:Api_get_p2p_ctx	32	static
api_wmi_rx.c:1208:6:get_p2p_ctx	0	static
api_wmi_rx.c:1474:6:Api_p2p_prov_disc_req	32	static
api_wmi_rx.c:1213:6:get_p2p_prov_disc_req	0	static
api_wmi_rx.c:1495:6:Api_p2p_serv_disc_req	32	static
api_wmi_rx.c:1218:6:get_p2p_serv_disc_req	0	static
api_wmi_rx.c:1516:6:Api_p2p_invite_req	32	static
api_wmi_rx.c:1223:6:p2p_invite_req_rx	0	static
api_wmi_rx.c:1539:6:Api_p2p_invite_rcvd_result	32	static
api_wmi_rx.c:1228:6:p2p_invite_rcvd_result_ev	0	static
api_wmi_rx.c:1561:6:Api_p2p_invite_send_result	32	static
api_wmi_rx.c:1171:6:p2p_invite_sent_result_event	0	static
api_wmi_rx.c:1585:6:Api_Test_Cmd_Event	16	static
api_wmi_rx.c:1236:6:Api_TestCmdEventRx	16	static
api_wmi_rx.c:1593:6:Api_ProbeReqEvent	0	static
