cust_driver_netbuf.c:244:6:default_native_free_fn	8	static
cust_driver_netbuf.c:260:7:a_netbuf_dequeue_adv	16	static
cust_driver_netbuf.c:325:6:a_netbuf_init	0	static
cust_driver_netbuf.c:339:7:a_netbuf_alloc	16	static
cust_driver_netbuf.c:387:7:a_netbuf_reinit	8	static
cust_driver_netbuf.c:409:6:a_netbuf_set_rx_pool	0	static
cust_driver_netbuf.c:415:6:a_netbuf_set_tx_pool	0	static
cust_driver_netbuf.c:424:7:a_netbuf_alloc_raw	16	static
cust_driver_netbuf.c:507:6:a_netbuf_free_tx_pool	0	static
cust_driver_netbuf.c:513:10:a_netbuf_to_len	8	static
cust_driver_netbuf.c:547:7:a_netbuf_get_fragment	0	static
cust_driver_netbuf.c:578:6:a_netbuf_append_fragment	8	static
cust_driver_netbuf.c:598:6:a_netbuf_enqueue	16	static
cust_driver_netbuf.c:493:6:a_netbuf_free_rx_pool	16	static
cust_driver_netbuf.c:460:6:a_netbuf_free	8	static
cust_driver_netbuf.c:304:6:a_netbuf_purge_queue	16	static
cust_driver_netbuf.c:620:6:a_netbuf_prequeue	0	static
cust_driver_netbuf.c:632:7:a_netbuf_dequeue	16	static
cust_driver_netbuf.c:658:6:a_netbuf_queue_init	0	static
cust_driver_netbuf.c:664:6:a_netbuf_configure	24	static
cust_driver_netbuf.c:679:7:a_netbuf_to_data	0	static
cust_driver_netbuf.c:689:1:a_netbuf_push	8	static
cust_driver_netbuf.c:708:1:a_netbuf_push_data	24	static
cust_driver_netbuf.c:721:1:a_netbuf_put	8	static
cust_driver_netbuf.c:740:1:a_netbuf_put_data	24	static
cust_driver_netbuf.c:754:9:a_netbuf_headroom	0	static
cust_driver_netbuf.c:761:9:a_netbuf_tailroom	0	static
cust_driver_netbuf.c:772:1:a_netbuf_pull	8	static
cust_driver_netbuf.c:790:1:a_netbuf_trim	8	static
