wmi.c:152:6:wmi_qos_state_init.part.0	16	static
wmi.c:133:7:wmi_init	16	static
wmi.c:152:6:wmi_qos_state_init	0	static
wmi.c:177:6:wmi_set_control_ep	0	static
wmi.c:184:1:wmi_get_control_ep	0	static
wmi.c:189:6:wmi_shutdown	16	static
wmi.c:208:1:wmi_dix_2_dot3	32	static
wmi.c:268:1:wmi_meta_add	40	static
wmi.c:324:1:wmi_data_hdr_add	24	static
wmi.c:406:9:wmi_implicit_create_pstream	16	static
wmi.c:458:1:wmi_dot3_2_dix	32	static
wmi.c:487:1:wmi_data_hdr_remove	0	static
wmi.c:533:1:wmi_control_rx_xtnd	24	static
wmi.c:598:1:wmi_control_rx	80	static
wmi.c:939:1:wmi_cmd_send	24	static
wmi.c:1208:1:wmi_storerecall_recall_cmd	24	static
wmi.c:1337:10:wmi_sdpd_send_cmd	24	static
wmi.c:1372:1:wmi_p2p_set_oppps	16	static
wmi.c:1392:10:wmi_p2p_set_noa	32	static
wmi.c:1428:6:wmi_save_key_info	0	static
wmi.c:1436:1:wmi_cmd_start	24	static
wmi.c:1002:1:wmi_ap_set_param	24	static
wmi.c:1235:1:wmi_bssfilter_cmd	24	static
wmi.c:1246:10:wmi_socket_cmd	4	static
wmi.c:1640:10:wmi_dset_host_cfg_cmd	16	static
wmi.c:1671:10:wmi_set_appie_cmd	16	static
