dset_api.c:39:36:remote_dset_op	0	static
dset_api.c:45:19:dset_find_handle	0	static
dset_api.c:58:6:dset_close_handle	0	static
dset_api.c:65:19:dset_insert_handle	12	static
dset_api.c:85:9:qcom_dset_create	16	static
dset_api.c:111:9:qcom_dset_open	16	static
dset_api.c:129:10:qcom_dset_write	32	static
dset_api.c:159:10:qcom_dset_read	24	static
dset_api.c:185:10:qcom_dset_commit	16	static
dset_api.c:198:10:qcom_dset_close	16	static
dset_api.c:212:10:qcom_dset_size	8	static
dset_api.c:223:10:qcom_dset_delete	24	static
