qcom_api.c:61:10:qcom_set_deviceid	40	static
qcom_api.c:96:5:qcom_socket	24	static
qcom_api.c:101:5:qcom_connect	16	static
qcom_api.c:106:5:qcom_bind	16	static
qcom_api.c:111:5:qcom_listen	16	static
qcom_api.c:116:5:qcom_accept	24	static
qcom_api.c:121:5:qcom_setsockopt	32	static
qcom_api.c:126:5:qcom_getsockopt	32	static
qcom_api.c:132:5:qcom_recv	32	static
qcom_api.c:141:5:qcom_recvfrom	40	static
qcom_api.c:150:10:qcom_dnsc_enable	16	static
qcom_api.c:155:10:qcom_dnsc_add_server_address	40	static
qcom_api.c:174:10:qcom_dnsc_del_server_address	40	static
qcom_api.c:195:10:qcom_dnsc_get_host_by_name	432	static
qcom_api.c:212:10:qcom_dnsc_get_host_by_name2	440	static
qcom_api.c:235:10:qcom_dns_server_address_get	112	static
qcom_api.c:264:10:qcom_dnss_enable	16	static
qcom_api.c:269:10:qcom_dns_local_domain	16	static
qcom_api.c:274:10:qcom_dns_entry_create	40	static
qcom_api.c:282:10:qcom_dns_entry_delete	40	static
qcom_api.c:290:10:qcom_dns_6entry_create	40	static
qcom_api.c:298:10:qcom_dns_6entry_delete	40	static
qcom_api.c:309:6:qcom_sntp_srvr_addr	16	static
qcom_api.c:314:6:qcom_sntp_get_time	32	static
qcom_api.c:323:6:qcom_sntp_get_time_of_day	32	static
qcom_api.c:331:6:qcom_sntp_zone	32	static
qcom_api.c:336:6:qcom_sntp_query_srvr_address	32	static
qcom_api.c:345:6:qcom_enable_sntp_client	16	static
qcom_api.c:354:10:qcom_ota_upgrade	56	static
qcom_api.c:367:10:qcom_ota_read_area	32	static
qcom_api.c:372:10:qcom_ota_done	16	static
qcom_api.c:377:24:qcom_ota_session_start	16	static
qcom_api.c:382:10:qcom_ota_partition_get_size	8	static
qcom_api.c:387:24:qcom_ota_partition_erase	8	static
qcom_api.c:392:24:qcom_ota_partition_verify_checksum	8	static
qcom_api.c:397:24:qcom_ota_parse_image_hdr	16	static
qcom_api.c:402:10:qcom_ota_partition_read_data	40	static
qcom_api.c:415:24:qcom_ota_partition_write_data	32	static
qcom_api.c:421:24:qcom_ota_session_end	16	static
qcom_api.c:426:24:qcom_ota_partition_format	8	static
qcom_api.c:441:10:qcom_ota_set_callback	16	static
qcom_api.c:446:5:qcom_sendto	40	static
qcom_api.c:451:5:qcom_send	32	static
qcom_api.c:456:5:qcom_socket_close	16	static
qcom_api.c:461:10:qcom_ipconfig	56	static
qcom_api.c:470:10:qcom_ip6_address_get	64	static
qcom_api.c:489:10:qcom_ping	16	static
qcom_api.c:494:10:qcom_ping_ms	24	static
qcom_api.c:499:10:qcom_ping6	16	static
qcom_api.c:504:10:qcom_ping6_ms	24	static
qcom_api.c:509:10:qcom_ip6config_router_prefix	48	static
qcom_api.c:519:10:qcom_bridge_mode_enable	16	static
qcom_api.c:524:10:qcom_tcp_set_exp_backoff	32	static
qcom_api.c:534:10:qcom_ip4_route	56	static
qcom_api.c:549:10:qcom_ip6_route	56	static
qcom_api.c:566:10:qcom_tcp_conn_timeout	16	static
qcom_api.c:571:9:qcom_dhcps_set_pool	40	static
qcom_api.c:580:9:qcom_dhcps_register_cb	32	static
qcom_api.c:589:9:qcom_dhcpc_register_cb	32	static
qcom_api.c:598:10:qcom_dhcps_release_pool	32	static
qcom_api.c:607:10:qcom_http_server	16	static
qcom_api.c:612:10:qcom_http_set_post_cb	16	static
qcom_api.c:621:10:qcom_ip_http_server_method	40	static
qcom_api.c:628:10:qcom_http_client_method	40	static
qcom_api.c:657:10:qcom_SSL_ctx_new	0	static
qcom_api.c:662:9:qcom_SSL_ctx_free	0	static
qcom_api.c:667:6:qcom_SSL_new	0	static
qcom_api.c:672:9:qcom_SSL_setCaList	0	static
qcom_api.c:677:9:qcom_SSL_addCert	0	static
qcom_api.c:682:9:qcom_SSL_storeCert	0	static
qcom_api.c:686:9:qcom_SSL_loadCert	0	static
qcom_api.c:691:9:qcom_SSL_listCert	0	static
qcom_api.c:696:9:qcom_SSL_set_fd	0	static
qcom_api.c:701:9:qcom_SSL_accept	0	static
qcom_api.c:706:9:qcom_SSL_connect	0	static
qcom_api.c:711:9:qcom_SSL_shutdown	0	static
qcom_api.c:716:9:qcom_SSL_configure	0	static
qcom_api.c:722:9:qcom_SSL_read	0	static
qcom_api.c:729:9:qcom_SSL_write	0	static
qcom_api.c:738:10:_qcom_set_scan	40	static
qcom_api.c:786:10:qcom_get_scan	48	static
qcom_api.c:807:10:qcom_set_ssid	48	static
qcom_api.c:827:10:qcom_get_ssid	48	static
qcom_api.c:850:10:qcom_set_connect_callback	40	static
qcom_api.c:870:10:qcom_set_probe_req_callback	40	static
qcom_api.c:889:10:qcom_enable_probe_req_event	40	static
qcom_api.c:949:10:qcom_commit	72	static
qcom_api.c:1005:10:qcom_sta_get_rssi	40	static
qcom_api.c:1025:10:qcom_sta_set_listen_time	40	static
qcom_api.c:1046:10:qcom_ap_set_beacon_interval	56	static
qcom_api.c:1068:10:qcom_ap_hidden_mode_enable	56	static
qcom_api.c:1092:10:qcom_op_get_mode	40	static
qcom_api.c:1110:10:qcom_op_set_mode	40	static
qcom_api.c:1128:10:qcom_disconnect	72	static
qcom_api.c:1156:10:qcom_get_phy_mode	48	static
qcom_api.c:1192:10:qcom_get_country_code	32	static
qcom_api.c:1215:10:qcom_set_country_code	40	static
qcom_api.c:1260:10:qcom_set_phy_mode	48	static
qcom_api.c:1293:10:qcom_set_channel	40	static
qcom_api.c:1327:10:qcom_get_channel	48	static
qcom_api.c:1346:10:qcom_get_tx_power	0	static
qcom_api.c:1352:10:qcom_set_tx_power	40	static
qcom_api.c:1374:10:qcom_allow_aggr_set_tid	40	static
qcom_api.c:1398:10:qcom_scan_set_mode	40	static
qcom_api.c:1418:10:qcom_scan_params_set	48	static
qcom_api.c:1462:10:qcom_sec_set_wepkey	48	static
qcom_api.c:1485:10:qcom_sec_get_wepkey	48	static
qcom_api.c:1506:10:qcom_sec_set_wepkey_index	32	static
qcom_api.c:1525:10:qcom_sec_get_wepkey_index	32	static
qcom_api.c:1542:10:qcom_sec_set_auth_mode	40	static
qcom_api.c:1557:10:qcom_sec_set_encrypt_mode	48	static
qcom_api.c:1586:10:qcom_sec_set_passphrase	48	static
qcom_api.c:1612:10:qcom_sec_set_pmk	72	static
qcom_api.c:1655:10:qcom_power_set_mode	48	static
qcom_api.c:1681:10:qcom_power_get_mode	24	static
qcom_api.c:1707:10:qcom_suspend_enable	24	static
qcom_api.c:1724:10:qcom_suspend_start	24	static
qcom_api.c:1743:10:qcom_power_set_parameters	56	static
qcom_api.c:1778:10:qcom_get_bssid	32	static
qcom_api.c:1798:10:qcom_wps_start	104	static
qcom_api.c:1855:10:qcom_wps_connect	16	static
qcom_api.c:1872:10:qcom_wps_set_credentials	8	static
qcom_api.c:1881:10:qcom_param_set	48	static
qcom_api.c:1922:10:qcom_p2p_enable	32	static
qcom_api.c:2046:10:qcom_p2p_func_find	48	static
qcom_api.c:2068:10:qcom_p2p_func_set_pass_ssid	128	static
qcom_api.c:1992:10:qcom_p2p_func_start_go	56	static
qcom_api.c:2093:10:qcom_p2p_func_listen	40	static
qcom_api.c:2115:10:qcom_p2p_func_connect	104	static
qcom_api.c:2150:10:qcom_p2p_func_auth	96	static
qcom_api.c:2183:10:qcom_p2p_func_cancel	32	static
qcom_api.c:2203:10:qcom_p2p_func_stop_find	32	static
qcom_api.c:2223:10:qcom_p2p_func_get_node_list	40	static
qcom_api.c:2242:10:qcom_p2p_func_set_config	56	static
qcom_api.c:2030:10:qcom_p2p_func_init	32	static
qcom_api.c:2278:10:qcom_p2p_func_wps_config	40	static
qcom_api.c:2298:10:qcom_p2p_func_disc_req	32	static
qcom_api.c:2313:10:qcom_p2p_set	72	static
qcom_api.c:2374:10:qcom_p2p_func_join	120	static
qcom_api.c:2424:10:qcom_p2p_func_invite_auth	40	static
qcom_api.c:2445:10:qcom_p2p_func_get_network_list	40	static
qcom_api.c:2464:10:qcom_p2p_func_invite	96	static
qcom_api.c:2496:10:qcom_p2p_func_join_profile	96	static
qcom_api.c:2519:10:qcom_p2p_ap_mode	40	static
qcom_api.c:2538:10:qcom_p2p_func_on_off	40	static
qcom_api.c:2557:10:qcom_p2p_func_set_noa	104	static
qcom_api.c:2599:10:qcom_p2p_func_set_oppps	40	static
qcom_api.c:2623:10:qcom_p2p_func_prov	48	static
qcom_api.c:2649:10:qcom_raw_mode_send_pkt	96	static
qcom_api.c:2818:10:qcom_get_versionstr	24	static
qcom_api.c:2829:10:qcom_set_appie	48	static
qcom_api.c:2863:10:qcom_wps_init_key	24	static
qcom_api.c:2879:10:qcom_heartbeat_challenge	40	static
