spi_hcd.c:138:17:DoPioReadInternal.isra.0	16	static
spi_hcd.c:390:17:ResetWriteBufferWaterMark.isra.0	16	static
spi_hcd.c:90:10:DoPioWriteInternal	16	static
spi_hcd.c:263:1:Hcd_DoPioInternalAccess	4	static
spi_hcd.c:643:6:Hcd_RefreshWriteBufferSpace	16	static
spi_hcd.c:758:1:Hcd_UnmaskInterrupts	16	static
spi_hcd.c:542:1:Hcd_ProgramWriteBufferWaterMark	24	static
spi_hcd.c:201:17:MaskSPIInterrupts	16	static
spi_hcd.c:976:1:Hcd_ReinitTarget	24	static
spi_hcd.c:1007:6:Hcd_Deinitialize	16	static
spi_hcd.c:1022:1:Hcd_GetLookAhead	24	static
spi_hcd.c:1265:6:HW_EnableDisableSPIIRQ	24	static
spi_hcd.c:161:13:EnableDisableSPIIRQHwDetect	24	static
spi_hcd.c:799:9:Hcd_BusInterrupt	32	static
spi_hcd.c:1087:1:Hcd_Init	24	static
spi_hcd.c:1314:1:Bus_InOutDescriptorSet	40	static
spi_hcd.c:288:1:Hcd_DoPioExternalAccess	24	static
spi_hcd.c:705:9:Hcd_ReadCPUInterrupt	104	static
spi_hcd.c:729:6:Hcd_ClearCPUInterrupt	96	static
spi_hcd.c:771:6:Hcd_EnableCPUInterrupt	96	static
spi_hcd.c:461:17:DoDMAOp	40	static
spi_hcd.c:660:1:Hcd_Request	24	static
spi_hcd.c:1390:1:Bus_InOutToken	16	static
spi_hcd.c:1430:6:Bus_TransferComplete	0	static
spi_hcd.c:1447:6:HW_EnableDisableIRQ	0	static
spi_hcd.c:1452:6:Hcd_Irq	0	static
spi_hcd.c:1459:6:Hcd_MaskInterrupts	0	static
