lv_obj.c:3658:13:refresh_children_position	32	static
lv_obj.c:3979:13:fade_in_anim_ready	8	static
lv_obj.c:2348:19:lv_obj_get_style_list.part.0	16	static
lv_obj.c:3857:13:trans_del	40	static
lv_obj.c:3948:13:trans_anim_ready_cb	24	static
lv_obj.c:2780:12:lv_obj_get_state.part.0	16	static
lv_obj.c:117:6:lv_init	24	static
lv_obj.c:172:6:lv_deinit	8	static
lv_obj.c:449:6:lv_obj_del_async	0	static
lv_obj.c:1085:6:lv_obj_set_auto_realign	0	static
lv_obj.c:1109:6:lv_obj_set_ext_click_area	4	static
lv_obj.c:1166:6:lv_obj_clean_style_list	16	static
lv_obj.c:1426:6:lv_obj_set_adv_hittest	0	static
lv_obj.c:1438:6:lv_obj_set_click	0	static
lv_obj.c:1451:6:lv_obj_set_top	0	static
lv_obj.c:1463:6:lv_obj_set_drag	0	static
lv_obj.c:1476:6:lv_obj_set_drag_dir	0	static
lv_obj.c:1490:6:lv_obj_set_drag_throw	0	static
lv_obj.c:1503:6:lv_obj_set_drag_parent	0	static
lv_obj.c:1516:6:lv_obj_set_gesture_parent	0	static
lv_obj.c:1526:6:lv_obj_set_parent_event	0	static
lv_obj.c:1560:6:lv_obj_add_protect	0	static
lv_obj.c:1572:6:lv_obj_clear_protect	0	static
lv_obj.c:1714:6:lv_obj_set_event_cb	0	static
lv_obj.c:1749:10:lv_event_send_func	56	static
lv_obj.c:1728:10:lv_event_send	0	static
lv_obj.c:1806:14:lv_event_get_data	0	static
lv_obj.c:1817:6:lv_obj_set_signal_cb	0	static
lv_obj.c:1830:10:lv_signal_send	0	static
lv_obj.c:1845:6:lv_obj_set_design_cb	0	static
lv_obj.c:1863:8:lv_obj_allocate_ext_attr	8	static
lv_obj.c:1879:6:lv_obj_refresh_ext_draw_pad	0	static
lv_obj.c:1897:12:lv_obj_get_screen	0	static
lv_obj.c:1917:13:lv_obj_get_disp	24	static
lv_obj.c:479:6:lv_obj_invalidate_area.part.0	40	static
lv_obj.c:479:6:lv_obj_invalidate_area	0	static
lv_obj.c:524:6:lv_obj_invalidate	24	static
lv_obj.c:609:6:lv_obj_move_foreground	16	static
lv_obj.c:632:6:lv_obj_move_background	16	static
lv_obj.c:661:6:lv_obj_set_pos	40	static
lv_obj.c:715:6:lv_obj_set_x	0	static
lv_obj.c:727:6:lv_obj_set_y	0	static
lv_obj.c:915:6:lv_obj_align_origo	40	static
lv_obj.c:3568:13:obj_align_core.constprop	32	static
lv_obj.c:1064:6:lv_obj_realign	32	static
lv_obj.c:887:6:lv_obj_align	32	static
lv_obj.c:867:6:lv_obj_align_x	16	static
lv_obj.c:1407:6:lv_obj_set_hidden	16	static
lv_obj.c:199:12:lv_obj_create	40	static
lv_obj.c:553:6:lv_obj_set_parent	24	static
lv_obj.c:740:6:lv_obj_set_size	32	static
lv_obj.c:794:6:lv_obj_set_width	0	static
lv_obj.c:806:6:lv_obj_set_height	4	static
lv_obj.c:3393:13:obj_del_core	24	static
lv_obj.c:402:10:lv_obj_del	24	static
lv_obj.c:437:6:lv_obj_del_anim_ready_cb	0	static
lv_obj.c:3386:13:lv_obj_del_async_cb	0	static
lv_obj.c:1949:12:lv_obj_get_parent	0	static
lv_obj.c:1963:12:lv_obj_get_child	0	static
lv_obj.c:3719:13:base_dir_refr_children	16	static
lv_obj.c:1538:6:lv_obj_set_base_dir	16	static
lv_obj.c:3706:13:refresh_children_style	16	static
lv_obj.c:1307:6:lv_obj_refresh_style.part.0	16	static
lv_obj.c:1307:6:lv_obj_refresh_style	0	static
lv_obj.c:1207:6:_lv_obj_set_style_local_int	24	static
lv_obj.c:1229:6:_lv_obj_set_style_local_color	24	static
lv_obj.c:1251:6:_lv_obj_set_style_local_opa	24	static
lv_obj.c:3974:13:opa_scale_anim	0	static
lv_obj.c:1273:6:_lv_obj_set_style_local_ptr	24	static
lv_obj.c:3883:13:trans_anim_cb	24	static
lv_obj.c:1693:6:lv_obj_finish_transitions	24	static
lv_obj.c:1141:6:lv_obj_add_style	16	static
lv_obj.c:1188:6:lv_obj_reset_style_list	8	static
lv_obj.c:3676:13:report_style_mod_core	24	static
lv_obj.c:1385:6:lv_obj_report_style_mod	24	static
lv_obj.c:459:6:lv_obj_clean	16	static
lv_obj.c:1986:12:lv_obj_get_child_back	0	static
lv_obj.c:2007:10:lv_obj_count_children	16	static
lv_obj.c:2023:10:lv_obj_count_children_recursive	16	static
lv_obj.c:2047:6:lv_obj_get_coords	0	static
lv_obj.c:2080:12:lv_obj_get_x	0	static
lv_obj.c:2100:12:lv_obj_get_y	0	static
lv_obj.c:2120:12:lv_obj_get_width	0	static
lv_obj.c:2132:12:lv_obj_get_height	0	static
lv_obj.c:2244:6:lv_obj_get_auto_realign	0	static
lv_obj.c:2261:12:lv_obj_get_ext_click_pad_left	0	static
lv_obj.c:2280:12:lv_obj_get_ext_click_pad_right	0	static
lv_obj.c:2299:12:lv_obj_get_ext_click_pad_top	0	static
lv_obj.c:2318:12:lv_obj_get_ext_click_pad_bottom	0	static
lv_obj.c:2337:12:lv_obj_get_ext_draw_pad	0	static
lv_obj.c:2348:19:lv_obj_get_style_list	0	static
lv_obj.c:2378:16:_lv_obj_get_style_int	40	static
lv_obj.c:818:6:lv_obj_set_width_fit	16	static
lv_obj.c:2144:12:lv_obj_get_width_fit	16	static
lv_obj.c:831:6:lv_obj_set_height_fit	16	static
lv_obj.c:2159:12:lv_obj_get_height_fit	16	static
lv_obj.c:845:6:lv_obj_set_width_margin	16	static
lv_obj.c:2189:12:lv_obj_get_width_margin	16	static
lv_obj.c:859:6:lv_obj_set_height_margin	16	static
lv_obj.c:2175:12:lv_obj_get_height_margin	16	static
lv_obj.c:2059:6:lv_obj_get_inner_coords	16	static
lv_obj.c:2207:12:lv_obj_get_width_grid	24	static
lv_obj.c:2228:12:lv_obj_get_height_grid	24	static
lv_obj.c:2441:12:_lv_obj_get_style_color	40	static
lv_obj.c:2497:10:_lv_obj_get_style_opa	40	static
lv_obj.c:2554:14:_lv_obj_get_style_ptr	40	static
lv_obj.c:3919:13:trans_anim_start_cb	16	static
lv_obj.c:1587:6:lv_obj_set_state	152	static
lv_obj.c:1660:6:lv_obj_add_state	0	static
lv_obj.c:1677:6:lv_obj_clear_state	0	static
lv_obj.c:2607:14:lv_obj_get_local_style	8	static
lv_obj.c:1294:6:lv_obj_remove_style_local_prop	8	static
lv_obj.c:2623:6:lv_obj_get_hidden	0	static
lv_obj.c:2635:6:lv_obj_get_adv_hittest	0	static
lv_obj.c:2647:6:lv_obj_get_click	0	static
lv_obj.c:2659:6:lv_obj_get_top	0	static
lv_obj.c:2671:6:lv_obj_get_drag	0	static
lv_obj.c:2683:15:lv_obj_get_drag_dir	0	static
lv_obj.c:2695:6:lv_obj_get_drag_throw	0	static
lv_obj.c:2707:6:lv_obj_get_drag_parent	0	static
lv_obj.c:2717:6:lv_obj_get_gesture_parent	0	static
lv_obj.c:2727:6:lv_obj_get_parent_event	0	static
lv_obj.c:2735:15:lv_obj_get_base_dir	0	static
lv_obj.c:2760:9:lv_obj_get_protect	0	static
lv_obj.c:2773:6:lv_obj_is_protected	0	static
lv_obj.c:2780:12:lv_obj_get_state	0	static
lv_obj.c:2803:16:lv_obj_get_signal_cb	0	static
lv_obj.c:2815:16:lv_obj_get_design_cb	0	static
lv_obj.c:2827:15:lv_obj_get_event_cb	0	static
lv_obj.c:2844:8:lv_obj_get_ext_attr	0	static
lv_obj.c:2857:6:lv_obj_get_type	48	static
lv_obj.c:2925:8:lv_obj_get_group	0	static
lv_obj.c:2941:6:lv_obj_is_focused	8	static
lv_obj.c:2968:6:lv_obj_is_point_on_coords	32	static
lv_obj.c:3000:6:lv_obj_hittest	16	static
lv_obj.c:3020:10:lv_obj_handle_get_type_signal	4	static
lv_obj.c:3039:6:lv_obj_init_draw_rect_dsc	24	static
lv_obj.c:3480:24:lv_obj_design	136	static
lv_obj.c:3169:6:lv_obj_init_draw_label_dsc	16	static
lv_obj.c:3201:6:lv_obj_init_draw_img_dsc	16	static
lv_obj.c:3227:6:lv_obj_init_draw_line_dsc	16	static
lv_obj.c:3263:12:lv_obj_get_draw_rect_ext_pad_size	72	static
lv_obj.c:3593:17:lv_obj_signal	8	static
lv_obj.c:3339:6:lv_obj_fade_in	88	static
lv_obj.c:3364:6:lv_obj_fade_out	80	static
