fsl_flexcomm.c:92:10:FLEXCOMM_GetInstance	0	static
fsl_flexcomm.c:140:10:FLEXCOMM_Init	16	static
fsl_flexcomm.c:160:6:FLEXCOMM_SetIRQHandler	16	static
fsl_flexcomm.c:176:6:FLEXCOMM0_DriverIRQHandler	8	static
fsl_flexcomm.c:185:6:FLEXCOMM1_DriverIRQHandler	8	static
fsl_flexcomm.c:194:6:FLEXCOMM2_DriverIRQHandler	8	static
fsl_flexcomm.c:203:6:FLEXCOMM3_DriverIRQHandler	8	static
fsl_flexcomm.c:212:6:FLEXCOMM4_DriverIRQHandler	8	static
fsl_flexcomm.c:222:6:FLEXCOMM5_DriverIRQHandler	8	static
fsl_flexcomm.c:231:6:FLEXCOMM6_DriverIRQHandler	8	static
fsl_flexcomm.c:240:6:FLEXCOMM7_DriverIRQHandler	8	static
fsl_flexcomm.c:249:6:FLEXCOMM8_DriverIRQHandler	8	static
fsl_flexcomm.c:258:6:FLEXCOMM9_DriverIRQHandler	8	static
