fsl_pint.c:576:6:PINT_DisableCallback.part.0	24	static
fsl_pint.c:48:6:PINT_Init	8	static
fsl_pint.c:165:6:PINT_PinInterruptConfig	8	static
fsl_pint.c:222:6:PINT_PinInterruptGetConfig	12	static
fsl_pint.c:300:6:PINT_PatternMatchConfig	12	static
fsl_pint.c:365:6:PINT_PatternMatchGetConfig	8	static
fsl_pint.c:417:10:PINT_PatternMatchResetDetectLogic	0	static
fsl_pint.c:444:6:PINT_PinInterruptClrStatus	4	static
fsl_pint.c:465:6:PINT_PinInterruptClrStatusAll	16	static
fsl_pint.c:509:6:PINT_EnableCallback	16	static
fsl_pint.c:547:6:PINT_EnableCallbackByIndex	4	static
fsl_pint.c:576:6:PINT_DisableCallback	0	static
fsl_pint.c:614:6:PINT_DisableCallbackByIndex	16	static
fsl_pint.c:643:6:PINT_Deinit	8	static
fsl_pint.c:782:6:PIN_INT0_DriverIRQHandler	8	static
fsl_pint.c:802:6:PIN_INT1_DriverIRQHandler	8	static
fsl_pint.c:823:6:PIN_INT2_DriverIRQHandler	8	static
fsl_pint.c:844:6:PIN_INT3_DriverIRQHandler	8	static
fsl_pint.c:865:6:PIN_INT4_DriverIRQHandler	8	static
fsl_pint.c:889:6:PIN_INT5_DriverIRQHandler	8	static
fsl_pint.c:914:6:PIN_INT6_DriverIRQHandler	8	static
fsl_pint.c:939:6:PIN_INT7_DriverIRQHandler	8	static
