fsl_clock.c:1113:17:pllDecodeN	0	static
fsl_clock.c:1262:17:pllDecodeM	0	static
fsl_clock.c:1371:17:findPllPostDiv.part.0	0	static
fsl_clock.c:1560:20:CLOCK_GetPllConfig	36	static
fsl_clock.c:646:10:CLOCK_GetWdtOscFreq.part.0	0	static
fsl_clock.c:147:6:CLOCK_AttachClk	16	static
fsl_clock.c:194:19:CLOCK_GetClockAttachId	4	static
fsl_clock.c:244:6:CLOCK_SetClkDiv	0	static
fsl_clock.c:271:10:CLOCK_SetupFROClocking	16	static
fsl_clock.c:619:10:CLOCK_GetLcdClkIn	0	static
fsl_clock.c:628:10:CLOCK_GetFro12MFreq	0	static
fsl_clock.c:637:10:CLOCK_GetExtClkFreq	0	static
fsl_clock.c:646:10:CLOCK_GetWdtOscFreq	0	static
fsl_clock.c:666:10:CLOCK_GetFroHfFreq	0	static
fsl_clock.c:490:10:CLOCK_GetMclkClkFreq	8	static
fsl_clock.c:395:10:CLOCK_GetAdcClkFreq	8	static
fsl_clock.c:428:10:CLOCK_GetUsb0ClkFreq	8	static
fsl_clock.c:688:10:CLOCK_GetPllOutFreq	0	static
fsl_clock.c:697:10:CLOCK_GetAudioPllOutFreq	0	static
fsl_clock.c:706:10:CLOCK_GetUsbPllOutFreq	0	static
fsl_clock.c:715:10:CLOCK_GetOsc32KFreq	0	static
fsl_clock.c:724:10:CLOCK_GetCoreSysClkFreq	0	static
fsl_clock.c:310:10:CLOCK_GetClockOutClkFreq	8	static
fsl_clock.c:359:10:CLOCK_GetSpifiClkFreq	8	static
fsl_clock.c:459:10:CLOCK_GetUsb1ClkFreq	8	static
fsl_clock.c:518:10:CLOCK_GetSctClkFreq	8	static
fsl_clock.c:552:10:CLOCK_GetSdioClkFreq	8	static
fsl_clock.c:588:10:CLOCK_GetLcdClkFreq	8	static
fsl_clock.c:772:10:CLOCK_GetI2SMClkFreq	0	static
fsl_clock.c:781:10:CLOCK_GetAsyncApbClkFreq	0	static
fsl_clock.c:809:10:CLOCK_GetMCanClkFreq	8	static
fsl_clock.c:867:10:CLOCK_GetFRGInputClock	0	static
fsl_clock.c:898:10:CLOCK_GetFrgClkFreq.part.0	8	static
fsl_clock.c:833:10:CLOCK_GetFlexCommClkFreq	8	static
fsl_clock.c:898:10:CLOCK_GetFrgClkFreq	0	static
fsl_clock.c:920:10:CLOCK_GetDmicClkFreq	8	static
fsl_clock.c:959:10:CLOCK_SetFRGClock	8	static
fsl_clock.c:983:10:CLOCK_GetFreq	8	static
fsl_clock.c:1038:6:CLOCK_SetFLASHAccessCyclesForFreq	0	static
fsl_clock.c:1636:10:CLOCK_GetSystemPLLInClockRate	0	static
fsl_clock.c:1670:10:CLOCK_GetAudioPLLInClockRate	0	static
fsl_clock.c:1697:10:CLOCK_GetSystemPLLOutFromSetup	24	static
fsl_clock.c:1755:10:CLOCK_GetUsbPLLOutFromSetup	24	static
fsl_clock.c:1783:10:CLOCK_GetAudioPLLOutFromSetup	24	static
fsl_clock.c:1840:10:CLOCK_GetAudioPLLOutFromFractSetup	56	static
fsl_clock.c:1897:6:CLOCK_SetStoredPLLClockRate	0	static
fsl_clock.c:1907:6:CLOCK_SetStoredAudioPLLClockRate	0	static
fsl_clock.c:1917:6:CLOCK_SetStoredUsbPLLClockRate	0	static
fsl_clock.c:1930:10:CLOCK_GetSystemPLLOutClockRate	40	static
fsl_clock.c:1958:10:CLOCK_GetAudioPLLOutClockRate	40	static
fsl_clock.c:1985:10:CLOCK_GetUsbPLLOutClockRate	8	static
fsl_clock.c:2013:13:CLOCK_SetupPLLData	16	static
fsl_clock.c:2045:13:CLOCK_SetupSystemPLLPrec	24	static
fsl_clock.c:2125:13:CLOCK_SetupAudioPLLPrec	24	static
fsl_clock.c:2200:13:CLOCK_SetupAudioPLLPrecFract	16	static
fsl_clock.c:2249:13:CLOCK_SetupAudioPLLData	16	static
fsl_clock.c:2281:13:CLOCK_SetPLLFreq	24	static
fsl_clock.c:2352:13:CLOCK_SetAudioPLLFreq	24	static
fsl_clock.c:2426:13:CLOCK_SetUsbPLLFreq	40	static
fsl_clock.c:2528:6:CLOCK_SetupSystemPLLMult	8	static
fsl_clock.c:2623:6:CLOCK_EnableUsbfs0DeviceClock	32	static
fsl_clock.c:2675:6:CLOCK_EnableUsbfs0HostClock	32	static
fsl_clock.c:2729:6:CLOCK_EnableUsbhs0DeviceClock	32	static
fsl_clock.c:2783:6:CLOCK_EnableUsbhs0HostClock	32	static
