fsl_spi.c:995:6:SPI_MasterTransferHandleIRQ	28	static
fsl_spi.h:731:20:SPI_SlaveTransferHandleIRQ	0	static
fsl_spi.c:70:10:SPI_GetInstance	0	static
fsl_spi.c:92:6:SPI_SetDummyData	4	static
fsl_spi.c:105:7:SPI_GetConfig	0	static
fsl_spi.c:127:6:SPI_MasterGetDefaultConfig	8	static
fsl_spi.c:169:10:SPI_MasterInit	24	static
fsl_spi.c:253:6:SPI_SlaveGetDefaultConfig	8	static
fsl_spi.c:290:10:SPI_SlaveInit	24	static
fsl_spi.c:352:6:SPI_Deinit	0	static
fsl_spi.c:369:6:SPI_EnableTxDMA	0	static
fsl_spi.c:387:6:SPI_EnableRxDMA	0	static
fsl_spi.c:406:10:SPI_MasterSetBaud	4	static
fsl_spi.c:435:6:SPI_WriteData	16	static
fsl_spi.c:467:10:SPI_MasterTransferCreateHandle	32	static
fsl_spi.c:519:10:SPI_MasterTransferBlocking	48	static
fsl_spi.c:657:10:SPI_MasterTransferNonBlocking	16	static
fsl_spi.c:711:10:SPI_MasterHalfDuplexTransferBlocking	32	static
fsl_spi.c:780:10:SPI_MasterHalfDuplexTransferNonBlocking	32	static
fsl_spi.c:846:10:SPI_MasterTransferGetCount	0	static
fsl_spi.c:874:6:SPI_MasterTransferAbort	4	static
