fsl_i2c.c:1030:6:I2C_MasterTransferHandleIRQ	8	static
fsl_i2c.c:1167:13:I2C_SlaveInvokeEvent	16	static
fsl_i2c.c:1814:6:I2C_SlaveTransferHandleIRQ	16	static
fsl_i2c.c:82:10:I2C_GetInstance	0	static
fsl_i2c.c:111:6:I2C_MasterGetDefaultConfig	8	static
fsl_i2c.c:149:6:I2C_MasterDeinit	0	static
fsl_i2c.c:164:6:I2C_MasterSetBaudRate	32	static
fsl_i2c.c:134:6:I2C_MasterInit	24	static
fsl_i2c.c:288:10:I2C_MasterStart	8	static
fsl_i2c.c:311:10:I2C_MasterStop	0	static
fsl_i2c.c:341:10:I2C_MasterWriteBlocking	16	static
fsl_i2c.c:450:10:I2C_MasterReadBlocking	16	static
fsl_i2c.c:550:10:I2C_MasterTransferBlocking	24	static
fsl_i2c.c:630:6:I2C_MasterTransferCreateHandle	32	static
fsl_i2c.c:668:10:I2C_MasterTransferNonBlocking	24	static
fsl_i2c.c:705:10:I2C_MasterTransferGetCount	0	static
fsl_i2c.c:737:10:I2C_MasterTransferAbort	4	static
fsl_i2c.c:1350:10:I2C_SlaveSetSendBuffer	16	static
fsl_i2c.c:1380:10:I2C_SlaveSetReceiveBuffer	12	static
fsl_i2c.c:1397:6:I2C_SlaveSetAddress	0	static
fsl_i2c.c:1426:6:I2C_SlaveGetDefaultConfig	24	static
fsl_i2c.c:1454:10:I2C_SlaveInit	24	static
fsl_i2c.c:1498:6:I2C_SlaveDeinit	0	static
fsl_i2c.c:1514:10:I2C_SlaveWriteBlocking	8	static
fsl_i2c.c:1601:10:I2C_SlaveReadBlocking	8	static
fsl_i2c.c:1689:6:I2C_SlaveTransferCreateHandle	32	static
fsl_i2c.c:1750:10:I2C_SlaveTransferNonBlocking	12	static
fsl_i2c.c:1764:10:I2C_SlaveTransferGetCount	0	static
fsl_i2c.c:1794:6:I2C_SlaveTransferAbort	0	static
