lv_area.h:110:26:lv_area_get_width	0	static
lv_area.h:120:26:lv_area_get_height	0	static
lv_bar.c:703:13:lv_bar_anim_ready	8	static
lv_bar.c:697:13:lv_bar_anim	0	static
lv_bar.c:638:17:lv_bar_signal	24	static
lv_bar.c:715:13:lv_bar_set_value_with_anim.part.0	88	static
lv_bar.c:368:24:lv_bar_design	240	static
lv_bar.c:153:6:lv_bar_set_value	16	static
lv_bar.c:76:12:lv_bar_create	32	static
lv_bar.c:179:6:lv_bar_set_start_value	16	static
lv_bar.c:233:6:lv_bar_set_type	16	static
lv_bar.c:250:6:lv_bar_set_anim_time	8	static
lv_bar.c:272:9:lv_bar_get_value	8	static
lv_bar.c:285:9:lv_bar_get_start_value	8	static
lv_bar.c:301:9:lv_bar_get_min_value	8	static
lv_bar.c:314:9:lv_bar_get_max_value	8	static
lv_bar.c:327:15:lv_bar_get_type	8	static
lv_bar.c:204:6:lv_bar_set_range	24	static
lv_bar.c:340:10:lv_bar_get_anim_time	8	static
