lv_calendar.c:1029:16:get_month_length	0	static
lv_calendar.c:1062:16:get_day_of_week.constprop	0	static
lv_calendar.c:644:19:get_header_height	16	static
lv_calendar.c:658:19:get_day_names_height	16	static
lv_calendar.c:386:24:lv_calendar_design	328	static
lv_calendar.c:416:17:lv_calendar_signal	72	static
lv_calendar.c:79:12:lv_calendar_create	24	static
lv_calendar.c:183:6:lv_calendar_set_today_date	16	static
lv_calendar.c:202:6:lv_calendar_set_showed_date	16	static
lv_calendar.c:222:6:lv_calendar_set_highlighted_dates	16	static
lv_calendar.c:241:6:lv_calendar_set_day_names	16	static
lv_calendar.c:258:6:lv_calendar_set_month_names	16	static
lv_calendar.c:277:22:lv_calendar_get_today_date	8	static
lv_calendar.c:290:22:lv_calendar_get_showed_date	8	static
lv_calendar.c:304:22:lv_calendar_get_pressed_date	8	static
lv_calendar.c:317:22:lv_calendar_get_highlighted_dates	8	static
lv_calendar.c:330:10:lv_calendar_get_highlighted_dates_num	8	static
lv_calendar.c:343:15:lv_calendar_get_day_names	8	static
lv_calendar.c:356:15:lv_calendar_get_month_names	8	static
