lv_roller.c:911:19:get_label	8	static
lv_roller.c:884:13:inf_normalize	32	static
lv_roller.c:919:13:scroll_anim_ready_cb	0	static
lv_roller.c:726:13:refr_position	104	static
lv_roller.c:867:13:refr_height	16	static
lv_roller.c:144:6:lv_roller_set_options	48	static
lv_roller.c:217:6:lv_roller_set_selected	24	static
lv_roller.c:778:17:release_handler	48	static
lv_roller.c:248:6:lv_roller_set_visible_row_count	16	static
lv_roller.c:282:10:lv_roller_get_selected	8	static
lv_roller.c:303:6:lv_roller_get_selected_str	24	static
lv_roller.c:335:10:lv_roller_get_option_cnt	8	static
lv_roller.c:353:18:lv_roller_get_align	8	static
lv_roller.c:399:24:lv_roller_design	144	static
lv_roller.c:365:6:lv_roller_get_auto_fit	8	static
lv_roller.c:835:13:refr_width	24	static
lv_roller.c:602:17:lv_roller_scrl_signal	40	static
lv_roller.c:471:17:lv_roller_signal	24	static
lv_roller.c:200:6:lv_roller_set_align	16	static
lv_roller.c:265:6:lv_roller_set_auto_fit	16	static
lv_roller.c:377:14:lv_roller_get_options	8	static
lv_roller.c:69:12:lv_roller_create	32	static
