GUI.c:20:6:GUI_Init	8	static
GUI.c:29:7:GUI_SetProductList	16	static
GUI.c:33:7:GUI_SetDate	16	static
GUI.c:37:7:GUI_SetDataChanged	16	static
GUI.c:41:7:GUI_SetNetworkList	16	static
GUI.c:46:6:GUI_SetShopListChanged	16	static
GUI.c:53:8:GUI_GetShopList	4	static
GUI.c:58:6:GUI_SetScanNetworkFun	16	static
GUI.c:63:6:GUI_SetConnectNetworkFun	16	static
GUI.c:68:6:GUI_SetDisconnectNetworkFun	16	static
GUI.c:73:6:GUI_SetActualSSID	16	static
GUI.c:78:6:GUI_SetBrightnessFun	16	static
GUI.c:83:6:GUI_SetDelProductFun	16	static
