GUI_IntData.c:81:6:INTERNALDATA_INIT	4	static
GUI_IntData.c:87:6:isShopListFull	16	static
GUI_IntData.c:104:6:GUI_IntData_GroupData	16	static
GUI_IntData.c:122:6:GUI_ChangeTermRange	32	static
GUI_IntData.c:138:9:GUI_IntData_GetGroups	4	static
GUI_IntData.c:142:6:GUI_IntData_SetProductList	16	static
GUI_IntData.c:148:9:GUI_IntData_AddProdToShopList	24	static
GUI_IntData.c:174:9:GUI_IntData_DelProdFromShopList	24	static
GUI_IntData.c:221:6:GUI_IntData_ExtinctionHandler	8	static
GUI_IntData.c:234:12:hasProduct	24	static
GUI_IntData.c:253:13:addTerm	32	static
GUI_IntData.c:269:32:calcDate	88	static
GUI_IntData.c:313:13:addProduct	40	static
GUI_IntData.c:331:13:groupProduct	32	static
GUI_IntData.c:344:13:cleanSortedProd	8	static
