common_stack_offload.h:706:24:SOCK_EV_MASK_TEST	0	static
api_stack_offload.c:55:10:queue_empty	0	static
api_stack_offload.c:66:9:find_socket_context_from_ssl	0	static
api_stack_offload.c:88:9:find_socket_context	0	static
api_stack_offload.c:114:10:socket_context_init	24	static
api_stack_offload.c:164:6:socket_context_deinit	24	static
api_stack_offload.c:760:10:getIPLength	0	static
api_stack_offload.c:784:10:getTransportLength	0	static
api_stack_offload.c:1035:9:Api_connect_nb	80	static
api_stack_offload.c:1170:9:Api_listen	40	static
api_stack_offload.c:1372:9:Api_accept_ver1	96	static
api_stack_offload.c:2179:9:Api_ipconfig_dhcp_pool	32	static
api_stack_offload.c:2210:9:Api_ip6config_router_prefix	56	static
api_stack_offload.c:2242:9:Api_ipbridgemode	24	static
api_stack_offload.c:2268:9:Api_ipconfig_set_tcp_exponential_backoff_retry	24	static
api_stack_offload.c:2294:9:Api_ipconfig_set_ip6_status	24	static
api_stack_offload.c:2319:9:Api_ipconfig_dhcp_release	24	static
api_stack_offload.c:2340:9:Api_ipconfig_set_tcp_rx_buffer	24	static
api_stack_offload.c:2675:9:Api_ip_dns_local_domain	56	static
api_stack_offload.c:2741:9:Api_ip_dns_server	32	static
api_stack_offload.c:2769:9:Api_ip_sntp_srvr_addr	96	static
api_stack_offload.c:2885:9:Api_ip_sntp_modify_zone_dse	32	static
api_stack_offload.c:2962:9:Api_ip_sntp_client	24	static
api_stack_offload.c:3109:9:Api_tcp_connection_timeout	32	static
api_stack_offload.c:3695:6:clear_socket_context	16	static
api_stack_offload.c:3725:10:send_stack_init	24	static
api_stack_offload.c:3768:10:move_power_state_to_maxperf	16	static
api_stack_offload.c:3796:10:restore_power_state	8	static
api_stack_offload.c:4545:10:blockSelect	32	static
api_stack_offload.c:1640:9:Api_select_ver1	40	static
api_stack_offload.c:4571:10:isSocketBlocked	0	static
api_stack_offload.c:4581:10:unblock	8	static
api_stack_offload.c:4610:6:socket_set_driver_error	8	static
api_stack_offload.c:4621:9:socket_get_driver_error	8	static
api_stack_offload.c:4464:10:blockForResponse	40	static
api_stack_offload.c:811:9:Api_socket	72	static
api_stack_offload.c:896:9:Api_shutdown	48	static
api_stack_offload.c:966:9:Api_connect	80	static
api_stack_offload.c:1098:9:Api_bind	80	static
api_stack_offload.c:1229:9:Api_accept	88	static
api_stack_offload.c:1467:9:Api_errno	48	static
api_stack_offload.c:1806:9:Api_setsockopt	56	static
api_stack_offload.c:1888:9:Api_getsockopt	56	static
api_stack_offload.c:1984:9:Api_ipconfig	144	static
api_stack_offload.c:2095:9:Api_ip6config	128	static
api_stack_offload.c:2361:9:Api_ip_http_server	32	static
api_stack_offload.c:2395:9:Api_ip_http_server_method	144	static
api_stack_offload.c:2458:9:Api_httpc_method	432	static
api_stack_offload.c:2512:9:Api_ip_resolve_host_name	24	static
api_stack_offload.c:2560:9:Api_ip_dns_client	32	static
api_stack_offload.c:2594:9:Api_ip_dns_server_addr	48	static
api_stack_offload.c:2641:9:Api_ip_hostname	72	static
api_stack_offload.c:2696:9:Api_ipdns	104	static
api_stack_offload.c:2791:9:Api_ip_sntp_get_time	40	static
api_stack_offload.c:2837:9:Api_ip_sntp_get_time_of_day	40	static
api_stack_offload.c:2914:9:Api_ip_sntp_query_srvr_address	176	static
api_stack_offload.c:3001:9:Api_ipv4_route	56	static
api_stack_offload.c:3055:9:Api_ipv6_route	88	static
api_stack_offload.c:3139:9:Api_ota_upgrade	304	static
api_stack_offload.c:3193:9:Api_ota_read_area	48	static
api_stack_offload.c:3240:9:Api_ota_done	40	static
api_stack_offload.c:3283:9:Api_ota_session_start	48	static
api_stack_offload.c:3325:10:Api_ota_partition_get_size	40	static
api_stack_offload.c:3371:9:Api_ota_partition_erase	40	static
api_stack_offload.c:3417:9:Api_ota_partition_verify_checksum	40	static
api_stack_offload.c:3463:9:Api_ota_parse_image_hdr	80	static
api_stack_offload.c:3520:9:Api_ota_partition_write_data	48	static
api_stack_offload.c:3599:9:Api_ping	40	static
api_stack_offload.c:3648:9:Api_ping6	56	static
api_stack_offload.c:3829:10:Api_SSL_ctx_new	48	static
api_stack_offload.c:3872:9:Api_SSL_ctx_free	32	static
api_stack_offload.c:3917:6:Api_SSL_new	40	static
api_stack_offload.c:3959:9:Api_SSL_set_fd	48	static
api_stack_offload.c:4019:9:Api_SSL_accept	48	static
api_stack_offload.c:4071:9:Api_SSL_connect	48	static
api_stack_offload.c:4123:9:Api_SSL_shutdown	48	static
api_stack_offload.c:4171:9:Api_SSL_configure	120	static
api_stack_offload.c:4231:9:Api_SSL_addCert	64	static
api_stack_offload.c:4303:9:Api_SSL_storeCert	56	static
api_stack_offload.c:4375:9:Api_SSL_loadCert	72	static
api_stack_offload.c:4414:9:Api_SSL_listCert	40	static
api_stack_offload.c:4453:10:blockForDataRx	8	static
api_stack_offload.c:1523:9:Api_select	24	static
api_stack_offload.c:4630:10:unblockSelect	8	static
api_stack_offload.c:194:10:Api_SockResponseEventRx	32	static
api_stack_offload.c:4646:9:FD_IsSet	8	static
api_stack_offload.c:4656:9:FD_Set	8	static
api_stack_offload.c:4667:9:FD_Clr	16	static
api_stack_offload.c:4690:9:FD_Zero	0	static
