cust_api_wmi_rx.c:135:13:fill_ext_scan_info	72	static
cust_api_wmi_rx.c:52:13:fill_scan_info	72	static
cust_api_wmi_rx.c:219:6:Custom_Api_BssInfoEvent	56	static
cust_api_wmi_rx.c:310:6:Custom_Api_ConnectEvent	24	static
cust_api_wmi_rx.c:338:6:Custom_Api_DisconnectEvent	40	static
cust_api_wmi_rx.c:377:6:Custom_Api_ReadyEvent	8	static
cust_api_wmi_rx.c:389:6:Custom_Api_GpioDataEvent	0	static
cust_api_wmi_rx.c:397:6:Custom_Api_PfmDataEvent	0	static
cust_api_wmi_rx.c:405:6:Custom_Api_PfmDataDoneEvent	0	static
cust_api_wmi_rx.c:413:6:Custom_Api_RSNASuccessEvent	24	static
cust_api_wmi_rx.c:435:6:Custom_Api_BitRateEvent_tx	24	static
cust_api_wmi_rx.c:458:6:Custom_Api_ProbeReq_Event	16	static
