lv_color.h:438:48:lv_color_mix	20	static
lv_canvas.c:1189:13:set_px_alpha_generic	32	static
lv_canvas.c:1175:13:set_px_cb_alpha8	32	static
lv_canvas.c:1161:13:set_px_cb_alpha4	32	static
lv_canvas.c:1147:13:set_px_cb_alpha2	32	static
lv_canvas.c:1133:13:set_px_cb_alpha1	32	static
lv_canvas.c:1204:13:set_px_true_color_alpha	56	static
lv_canvas.c:1110:13:set_set_px_cb.isra.0	0	static
lv_canvas.c:1094:17:lv_canvas_signal	16	static
lv_area.h:100:20:lv_area_copy	0	static
lv_canvas.c:73:12:lv_canvas_create	24	static
lv_canvas.c:139:6:lv_canvas_set_buffer	24	static
lv_canvas.c:161:6:lv_canvas_set_px	24	static
lv_canvas.c:181:6:lv_canvas_set_palette	16	static
lv_canvas.c:202:12:lv_canvas_get_px	24	static
lv_canvas.c:217:16:lv_canvas_get_img	8	static
lv_canvas.c:240:6:lv_canvas_copy_buf	32	static
lv_canvas.c:277:6:lv_canvas_transform	168	static
lv_canvas.c:378:6:lv_canvas_blur_hor	136	static
lv_canvas.c:514:6:lv_canvas_blur_ver	128	static
lv_canvas.c:652:6:lv_canvas_fill_bg	48	static
lv_canvas.c:690:6:lv_canvas_draw_rect	448	static
lv_canvas.c:761:6:lv_canvas_draw_text	464	static
lv_canvas.c:837:6:lv_canvas_draw_img	448	static
lv_canvas.c:902:6:lv_canvas_draw_line	440	static
lv_canvas.c:965:6:lv_canvas_draw_polygon	432	static
lv_canvas.c:1029:6:lv_canvas_draw_arc	464	static
