lv_win.c:638:13:lv_win_realign	56	static
lv_win.c:537:17:lv_win_signal	24	static
lv_win.c:491:24:lv_win_header_design	88	static
lv_win.c:54:12:lv_win_create	32	static
lv_win.c:153:6:lv_win_clean	8	static
lv_win.c:171:12:lv_win_add_btn	24	static
lv_win.c:201:6:lv_win_close_event_cb	8	static
lv_win.c:217:6:lv_win_set_title	16	static
lv_win.c:237:6:lv_win_set_header_height	16	static
lv_win.c:252:6:lv_win_set_btn_width	16	static
lv_win.c:268:6:lv_win_set_content_size	24	static
lv_win.c:283:6:lv_win_set_layout	16	static
lv_win.c:296:6:lv_win_set_scrollbar_mode	16	static
lv_win.c:308:6:lv_win_set_anim_time	16	static
lv_win.c:320:6:lv_win_set_drag	16	static
lv_win.c:339:14:lv_win_get_title	8	static
lv_win.c:352:12:lv_win_get_content	8	static
lv_win.c:365:12:lv_win_get_header_height	8	static
lv_win.c:378:12:lv_win_get_btn_width	8	static
lv_win.c:393:12:lv_win_get_from_btn	8	static
lv_win.c:408:13:lv_win_get_layout	8	static
lv_win.c:421:21:lv_win_get_sb_mode	8	static
lv_win.c:434:10:lv_win_get_anim_time	8	static
lv_win.c:446:12:lv_win_get_width	16	static
lv_win.c:468:6:lv_win_focus	16	static
