GUI.c:20:6:GUI_Init	8	static
GUI.c:29:7:GUI_SetProductList	0	static
GUI.c:33:7:GUI_SetDate	0	static
GUI.c:37:7:GUI_SetDataChanged	0	static
GUI.c:41:7:GUI_SetNetworkList	0	static
GUI.c:46:6:GUI_SetShopListChanged	0	static
GUI.c:53:8:GUI_GetShopList	0	static
GUI.c:58:6:GUI_SetScanNetworkFun	0	static
GUI.c:63:6:GUI_SetConnectNetworkFun	0	static
GUI.c:68:6:GUI_SetDisconnectNetworkFun	0	static
GUI.c:73:6:GUI_SetActualSSID	0	static
GUI.c:78:6:GUI_SetBrightnessFun	0	static
GUI.c:83:6:GUI_SetDelProductFun	0	static
