main.c:666:13:task_updateTime	560	static
main.c:565:13:scanNetworks	0	static
main.c:168:6:disconnectWifi	16	static
fsl_spifi.h:233:20:SPIFI_ResetCommand.constprop	0	static
main.c:265:6:translateList	32	static
main.c:701:13:RFID_Task	8	static
main.c:317:6:check_if_finish	16	static
main.c:195:6:saveNetworkInFlash	16	static
main.c:115:6:connectWiF	24	static
main.c:241:6:autoConnectWifi	8	static
main.c:591:6:task_main	8	static
main.c:334:6:loadDataFromFlashMemory	24	static
main.c:623:13:AppTask	8	static
main.c:399:6:saveDataInFlash	32	static
main.c:572:6:task_sendProductsToThingspeak	8	static
main.c:716:5:main	16	static
main.c:788:6:vApplicationMallocFailedHook	0	static
main.c:797:6:vApplicationTickHook	0	static
main.c:809:6:vApplicationStackOverflowHook	0	static
