main.c:870:13:task_updateTime	560	static
main.c:743:13:scanNetworks	0	static
main.c:181:6:disconnectWifi	16	static
fsl_spifi.h:233:20:SPIFI_ResetCommand.constprop	0	static
main.c:278:6:translateList	32	static
main.c:899:13:RFID_Task	8	static
main.c:334:6:check_if_finish	16	static
main.c:206:6:saveNetworkInFlash	32	static
main.c:127:6:connectWiF	24	static
main.c:251:6:autoConnectWifi	8	static
main.c:781:6:task_main	8	static
main.c:348:6:loadDataFromFlashMemory	24	static
main.c:824:13:AppTask	8	static
main.c:492:6:saveDataInFlash	32	static
main.c:757:6:task_sendProductsToThingspeak	8	static
main.c:929:5:main	16	static
main.c:1013:6:vApplicationMallocFailedHook	0	static
main.c:1022:6:vApplicationTickHook	0	static
main.c:1034:6:vApplicationStackOverflowHook	0	static
