smart_fridge.c:65:6:groupProductData	32	static
smart_fridge.c:186:6:SF_sendProductsToThingSpeak	56	static
smart_fridge.c:221:6:fullProductsListSignal	8	static
smart_fridge.c:228:6:addProductSignal	16	static
smart_fridge.c:243:6:removeProductSignal	16	static
smart_fridge.c:254:6:networkConnectedSignal	16	static
smart_fridge.c:268:6:networkDisconnectSignal	16	static
smart_fridge.c:278:6:wifiModuleInitSignal	8	static
smart_fridge.c:353:6:SF_startRFID_Module	8	static
smart_fridge.c:359:6:sortList	24	static
smart_fridge.c:367:6:NTAG215_read_config	16	static
smart_fridge.c:380:6:MIFARE_read_config	16	static
smart_fridge.c:394:6:deleteProductFromList	32	static
smart_fridge.c:442:6:readProductsData	88	static
smart_fridge.c:286:6:SF_detectProduct	40	static
