smart_fridge.c:89:6:groupProductData	24	static
smart_fridge.c:201:6:SF_sendProductsToThingSpeak	48	static
smart_fridge.c:223:6:addProductSignal	16	static
smart_fridge.c:237:6:removeProductSignal	16	static
smart_fridge.c:247:6:networkConnectedSignal	16	static
smart_fridge.c:261:6:networkDisconnectSignal	16	static
smart_fridge.c:271:6:wifiModuleInitSignal	8	static
smart_fridge.c:306:6:SF_startRFID_Module	8	static
smart_fridge.c:312:6:sortList	24	static
smart_fridge.c:320:6:NTAG215_read_config	16	static
smart_fridge.c:333:6:MIFARE_read_config	16	static
smart_fridge.c:348:6:readProductsData	96	static
smart_fridge.c:279:6:SF_detectProduct	40	static
