wlan_qcom.c:61:12:isQcomError	8	static
wlan_qcom.c:450:13:udpHelp	16	static
wlan_qcom.c:246:14:getSecurityStr	16	static
wlan_qcom.c:170:13:onConnect	16	static
wlan_qcom.c:74:12:isValueFailed.constprop	8	static
wlan_qcom.c:47:6:printHeapFree	0	static
wlan_qcom.c:93:5:traceQcomApi	0	static
wlan_qcom.c:115:6:getDhcp	48	static
wlan_qcom.c:154:6:printIpConfig	56	static
wlan_qcom.c:210:5:isConnected	0	static
wlan_qcom.c:269:6:apScan	40	static
wlan_qcom.c:325:6:apConnect	24	static
wlan_qcom.c:370:6:apDisconnect	8	static
wlan_qcom.c:380:10:resolveHostname	32	static
wlan_qcom.c:399:10:pingHost	24	static
wlan_qcom.c:423:6:resolveManyHosts	32	static
wlan_qcom.c:457:6:udpBind	24	static
wlan_qcom.c:491:5:udpPollAndRecv	40	static
wlan_qcom.c:528:5:udpSendEcho	24	static
wlan_qcom.c:561:6:httpGet	568	static
wlan_qcom.c:633:6:httpDelete	1080	static
wlan_qcom.c:703:6:httpPost	2104	static
