fsl_gpio.h:153:20:GPIO_PinWrite	24	static
RC522.c:17:6:RC522_Init	32	static
RC522.c:48:6:RC522_WriteDataToRegister	56	dynamic
RC522.c:63:6:RC522_WriteByteToRegister	40	static
RC522.c:77:6:RC522_ReadDataFromRegister	80	static
RC522.c:137:9:RC522_ReadByteFromRegister	40	static
RC522.c:171:6:RC522_TurnOnAntena	16	static
RC522.c:182:6:RC522_SoftReset	16	static
RC522.c:196:6:RC522_GetFirmwareVersion	16	static
RC522.c:228:6:RC522_IsNewCardPresent	16	static
RC522.c:240:17:RC522_RequestA	16	static
RC522.c:245:17:RC522_REQAorWUPA	48	static
RC522.c:272:6:RC522_ClearRegisterMask	24	static
RC522.c:279:17:RC522_TransceiveData1	56	static
RC522.c:293:17:RC522_ComunicateWithPICC	32	static
RC522.c:399:6:RC522_SetRegisterBitMask	24	static
RC522.c:405:17:RC522_CalculateCRC	40	static
RC522.c:433:6:RC522_ReadCardSerial	16	static
RC522.c:440:5:RC522_getUid	16	static
RC522.c:444:17:RC522_PICC_Select	72	static
RC522.c:657:6:checkStatus	16	static
RC522.c:678:17:RC522_Halt	32	static
RC522.c:708:6:RC522_StopCrypto1	8	static
RC522.c:712:17:RC522_Authenticate	64	static
RC522.c:735:17:RC522_MIFARE_Read	48	static
RC522.c:763:17:RC522_NTAG215_AUTH	72	static
