RC522.c:48:6:RC522_WriteDataToRegister	48	dynamic
RC522.c:63:6:RC522_WriteByteToRegister	32	static
RC522.c:77:6:RC522_ReadDataFromRegister	96	static
RC522.c:137:9:RC522_ReadByteFromRegister	48	static
RC522.c:171:6:RC522_TurnOnAntena	8	static
RC522.c:182:6:RC522_SoftReset	16	static
RC522.c:17:6:RC522_Init	16	static
RC522.c:196:6:RC522_GetFirmwareVersion	8	static
RC522.c:272:6:RC522_ClearRegisterMask	16	static
RC522.c:399:6:RC522_SetRegisterBitMask	16	static
RC522.c:405:17:RC522_CalculateCRC	16	static
RC522.c:293:17:RC522_ComunicateWithPICC	64	static
RC522.c:279:17:RC522_TransceiveData1	32	static
RC522.c:245:17:RC522_REQAorWUPA	48	static
RC522.c:240:17:RC522_RequestA	0	static
RC522.c:228:6:RC522_IsNewCardPresent	16	static
RC522.c:439:5:RC522_getUid	0	static
RC522.c:443:17:RC522_PICC_Select	80	static
RC522.c:433:6:RC522_ReadCardSerial	8	static
RC522.c:656:6:checkStatus	0	static
RC522.c:677:17:RC522_Halt	32	static
RC522.c:707:6:RC522_StopCrypto1	0	static
RC522.c:711:17:RC522_Authenticate	48	static
RC522.c:734:17:RC522_MIFARE_Read	32	static
RC522.c:762:17:RC522_NTAG215_AUTH	64	static
