settings.c:325:13:setNetworks	24	static
settings.c:138:13:msgBox_event_handler	8	static
settings.c:71:13:btn_img_return_evt_handler	16	static
settings.c:125:13:btn_disconnect_event_cb	16	static
settings.c:60:13:slider_brightness_evt_handler	8	static
settings.c:92:13:spinboxred_minus_event_cb	8	static
settings.c:84:13:spinboxred_plus_event_cb	8	static
settings.c:115:13:btn_refresh_event_cb	8	static
settings.c:151:13:keyboard_evt_handler	24	static
settings.c:189:13:list_btn_evt_handler	40	static
settings.c:371:12:SETTINGS_Init	56	static
settings.c:403:6:SETTINGS_Show	8	static
