settings.c:141:13:screen_evt_handler	0	static
settings.c:354:13:setNetworks	120	static
settings.c:237:13:connectNatwork_task	72	static
settings.c:160:13:btn_img_return_evt_handler	16	static
settings.c:146:13:slider_brightness_evt_handler	16	static
settings.c:207:13:btn_disconnect_evt_handler	72	static
settings.c:187:13:spinbox_minus_event_cb	8	static
settings.c:176:13:spinbox_plus_evt_handler	8	static
settings.c:197:13:btn_refresh_evt_handler	8	static
settings.c:299:13:list_btn_evt_handler	32	static
settings.c:222:13:msgBox_event_handler	16	static
settings.c:257:13:keyboard_evt_handler	32	static
settings.c:346:13:switch_evt_handler	8	static
settings.c:86:12:SETTINGS_Init	56	static
settings.c:131:6:SETTINGS_Show	8	static
