RC522.c:16:6:dispPRINTFth	0	static
RC522.c:22:6:setConsoleLabel2	0	static
RC522.c:63:6:RC522_WriteDataToRegister	48	dynamic
RC522.c:114:6:RC522_WriteByteToRegister	32	static
RC522.c:159:6:RC522_ReadDataFromRegister	96	static
RC522.c:238:9:RC522_ReadByteFromRegister	48	static
RC522.c:292:6:RC522_TurnOnAntena	8	static
RC522.c:303:6:RC522_SoftReset	16	static
RC522.c:29:6:RC522_Init	16	static
RC522.c:315:6:RC522_GetFirmwareVersion	8	static
RC522.c:435:6:RC522_ClearRegisterMask	16	static
RC522.c:576:6:RC522_SetRegisterBitMask	16	static
RC522.c:582:17:RC522_CalculateCRC	16	static
RC522.c:456:17:RC522_ComunicateWithPICC	64	static
RC522.c:442:17:RC522_TransceiveData1	32	static
RC522.c:390:17:RC522_REQAorWUPA	48	static
RC522.c:385:17:RC522_RequestA	0	static
RC522.c:349:6:RC522_IsNewCardPresent	16	static
RC522.c:699:5:RC522_getUid	0	static
RC522.c:936:17:RC522_PICC_Select	80	static
RC522.c:650:6:RC522_ReadCardSerial	8	static
RC522.c:1148:6:checkStatus	0	static
RC522.c:1169:17:RC522_Halt	32	static
RC522.c:1200:6:RC522_StopCrypto1	0	static
RC522.c:1204:17:RC522_Authenticate	48	static
RC522.c:1227:17:RC522_MIFARE_Read	32	static
RC522.c:1256:17:RC522_NTAG215_AUTH	64	static
RC522.c:1297:6:RC522_DumpMifareUltralightToSerial	40	static
