RC522.c:77:6:RC522_ReadDataFromRegister.part.0	88	static
RC522.c:48:6:RC522_WriteDataToRegister	48	dynamic
RC522.c:63:6:RC522_WriteByteToRegister	40	static
RC522.c:77:6:RC522_ReadDataFromRegister	0	static
RC522.c:137:9:RC522_ReadByteFromRegister	48	static
RC522.c:171:6:RC522_TurnOnAntena	40	static
RC522.c:182:6:RC522_SoftReset	40	static
RC522.c:17:6:RC522_Init	48	static
RC522.c:196:6:RC522_GetFirmwareVersion	8	static
RC522.c:272:6:RC522_ClearRegisterMask	40	static
RC522.c:399:6:RC522_SetRegisterBitMask	40	static
RC522.c:405:17:RC522_CalculateCRC	64	static
RC522.c:293:17:RC522_ComunicateWithPICC	88	static
RC522.c:279:17:RC522_TransceiveData1	40	static
RC522.c:245:17:RC522_REQAorWUPA	56	static
RC522.c:240:17:RC522_RequestA	0	static
RC522.c:228:6:RC522_IsNewCardPresent	16	static
RC522.c:440:5:RC522_getUid	4	static
RC522.c:444:17:RC522_PICC_Select	128	static
RC522.c:433:6:RC522_ReadCardSerial	8	static
RC522.c:657:6:checkStatus	0	static
RC522.c:678:17:RC522_Halt	40	static
RC522.c:708:6:RC522_StopCrypto1	0	static
RC522.c:712:17:RC522_Authenticate	48	static
RC522.c:735:17:RC522_MIFARE_Read	40	static
RC522.c:763:17:RC522_NTAG215_AUTH	64	static
