fsl_usart.c:55:10:USART_GetInstance	8	static
fsl_usart.c:77:8:USART_TransferGetRxRingBufferLength	8	static
fsl_usart.c:97:13:USART_TransferIsRxRingBufferFull	8	static
fsl_usart.c:960:6:USART_TransferHandleIRQ	32	static
fsl_usart.c:132:6:USART_TransferStartRingBuffer	8	static
fsl_usart.c:156:6:USART_TransferStopRingBuffer	8	static
fsl_usart.c:272:6:USART_Deinit	8	static
fsl_usart.c:301:6:USART_GetDefaultConfig	8	static
fsl_usart.c:341:10:USART_SetBaudRate	32	static
fsl_usart.c:193:10:USART_Init	24	static
fsl_usart.c:415:10:USART_Enable32kMode	16	static
fsl_usart.c:457:10:USART_WriteBlocking	8	static
fsl_usart.c:527:10:USART_ReadBlocking	16	static
fsl_usart.c:615:10:USART_TransferCreateHandle	24	static
fsl_usart.c:671:10:USART_TransferSendNonBlocking	8	static
fsl_usart.c:717:6:USART_TransferAbortSend	8	static
fsl_usart.c:742:10:USART_TransferGetSendCount	8	static
fsl_usart.c:784:10:USART_TransferReceiveNonBlocking	32	static
fsl_usart.c:908:6:USART_TransferAbortReceive	8	static
fsl_usart.c:937:10:USART_TransferGetReceiveCount	8	static
