fsl_dma.c:82:17:DMA_GetInstance	8	static
fsl_dma.c:122:6:DMA_Init	8	static
fsl_dma.c:151:6:DMA_Deinit	8	static
fsl_dma.c:168:6:DMA_ConfigureChannelTrigger	8	static
fsl_dma.c:187:10:DMA_GetRemainingBytes	8	static
fsl_dma.c:261:6:DMA_SetupDescriptor	24	static
fsl_dma.c:332:6:DMA_SetupChannelDescriptor	32	static
fsl_dma.c:436:6:DMA_CreateDescriptor	24	static
fsl_dma.c:457:6:DMA_AbortTransfer	8	static
fsl_dma.c:481:6:DMA_CreateHandle	24	static
fsl_dma.c:511:6:DMA_SetCallback	8	static
fsl_dma.c:536:6:DMA_PrepareTransfer	40	static
fsl_dma.c:603:6:DMA_SetChannelConfig	16	static
fsl_dma.c:641:6:DMA_PrepareChannelTransfer	32	static
fsl_dma.c:699:6:DMA_LoadChannelDescriptor	16	static
fsl_dma.c:728:6:DMA_InstallDescriptorMemory	8	static
fsl_dma.c:778:6:DMA_SubmitChannelTransferParameter	32	static
fsl_dma.c:819:6:DMA_SubmitChannelDescriptor	8	static
fsl_dma.c:883:10:DMA_SubmitChannelTransfer	40	static
fsl_dma.c:926:10:DMA_SubmitTransfer	40	static
fsl_dma.c:965:6:DMA_StartTransfer	8	static
fsl_dma.c:982:6:DMA_IRQHandle	32	static
fsl_dma.c:1032:6:DMA0_DriverIRQHandler	8	static
