fsl_clock.h:698:20:CLOCK_EnableClock	24	static
fsl_clock.h:712:20:CLOCK_DisableClock	24	static
fsl_sctimer.h:488:20:SCTIMER_StartTimer	16	static
fsl_sctimer.h:523:20:SCTIMER_StopTimer	16	static
fsl_sctimer.h:756:20:SCTIMER_SetupOutputSetAction	24	static
fsl_sctimer.h:772:20:SCTIMER_SetupOutputClearAction	24	static
fsl_sctimer.h:800:20:SCTIMER_SetupCounterLimitAction	24	static
fsl_sctimer.c:76:17:SCTIMER_GetInstance	24	static
fsl_sctimer.c:105:10:SCTIMER_Init	24	static
fsl_sctimer.c:162:6:SCTIMER_Deinit	16	static
fsl_sctimer.c:190:6:SCTIMER_GetDefaultConfig	16	static
fsl_sctimer.c:255:10:SCTIMER_SetupPwm	64	static
fsl_sctimer.c:390:6:SCTIMER_UpdatePwmDutycycle	40	static
fsl_sctimer.c:451:10:SCTIMER_CreateAndScheduleEvent	40	static
fsl_sctimer.c:550:6:SCTIMER_ScheduleEvent	16	static
fsl_sctimer.c:568:10:SCTIMER_IncreaseState	24	static
fsl_sctimer.c:594:10:SCTIMER_GetCurrentState	16	static
fsl_sctimer.c:608:6:SCTIMER_SetupOutputToggleAction	32	static
fsl_sctimer.c:638:10:SCTIMER_SetupCaptureAction	32	static
fsl_sctimer.c:708:6:SCTIMER_SetCallback	24	static
fsl_sctimer.c:718:6:SCTIMER_EventHandleIRQ	32	static
fsl_sctimer.c:749:6:SCT0_DriverIRQHandler	8	static
