core_cm4.h:1679:22:__NVIC_EnableIRQ	0	static
core_cm4.h:1717:22:__NVIC_DisableIRQ	0	static
core_cm4.h:1770:22:__NVIC_ClearPendingIRQ	0	static
fsl_pint.c:48:6:PINT_Init	8	static
fsl_pint.c:165:6:PINT_PinInterruptConfig	16	static
fsl_pint.c:222:6:PINT_PinInterruptGetConfig	24	static
fsl_pint.c:300:6:PINT_PatternMatchConfig	16	static
fsl_pint.c:365:6:PINT_PatternMatchGetConfig	16	static
fsl_pint.c:417:10:PINT_PatternMatchResetDetectLogic	0	static
fsl_pint.c:444:6:PINT_PinInterruptClrStatus	0	static
fsl_pint.c:465:6:PINT_PinInterruptClrStatusAll	20	static
fsl_pint.c:509:6:PINT_EnableCallback	24	static
fsl_pint.c:547:6:PINT_EnableCallbackByIndex	16	static
fsl_pint.c:576:6:PINT_DisableCallback	16	static
fsl_pint.c:614:6:PINT_DisableCallbackByIndex	8	static
fsl_pint.c:643:6:PINT_Deinit	8	static
fsl_pint.c:782:6:PIN_INT0_DriverIRQHandler	8	static
fsl_pint.c:802:6:PIN_INT1_DriverIRQHandler	8	static
fsl_pint.c:823:6:PIN_INT2_DriverIRQHandler	8	static
fsl_pint.c:844:6:PIN_INT3_DriverIRQHandler	8	static
fsl_pint.c:865:6:PIN_INT4_DriverIRQHandler	8	static
fsl_pint.c:889:6:PIN_INT5_DriverIRQHandler	8	static
fsl_pint.c:914:6:PIN_INT6_DriverIRQHandler	8	static
fsl_pint.c:939:6:PIN_INT7_DriverIRQHandler	8	static
