main.c:124:6:dimmScreen	8	static
main.c:171:6:disconnectWifi	8	static
main.c:885:13:task_updateTime	560	static
main.c:780:13:scanNetworks	0	static
fsl_spifi.h:233:20:SPIFI_ResetCommand.constprop	0	static
main.c:109:6:BOARD_InitPWM	32	static
main.c:255:6:translateList	32	static
main.c:924:13:task_readRFID	8	static
main.c:841:13:task_Display	8	static
main.c:307:6:check_if_finish	16	static
main.c:182:6:saveNetworkInFlash	16	static
main.c:133:6:connectWiFi	16	static
main.c:228:6:autoConnectWifi	8	static
main.c:324:6:loadDataFromFlashMemory	40	static
main.c:417:6:saveProductsInFlash	32	static
main.c:512:6:saveShopListInFlash	64	static
main.c:790:6:task_updateData	16	static
main.c:617:6:saveDataInFlash	32	static
main.c:939:5:main	16	static
main.c:1006:6:vApplicationMallocFailedHook	0	static
main.c:1015:6:vApplicationTickHook	0	static
main.c:1027:6:vApplicationStackOverflowHook	0	static
