core_cm4.h:1679:22:__NVIC_EnableIRQ	16	static
fsl_clock.h:698:20:CLOCK_EnableClock	24	static
fsl_common.h:484:28:EnableIRQ	16	static
fsl_rtc.h:434:20:RTC_EnableTimer	16	static
fsl_spifi.h:192:20:SPIFI_SetCommandAddress	16	static
fsl_spifi.h:233:20:SPIFI_ResetCommand	16	static
fsl_spifi.h:338:20:SPIFI_WriteData	16	static
fsl_spifi.h:386:23:SPIFI_ReadDataByte	16	static
fsl_sctimer.h:503:20:SCTIMER_StartTimer	16	static
main.c:113:6:BOARD_InitPWM	32	static
main.c:128:6:dimmScreen	16	static
main.c:138:6:connectWiFi	24	static
main.c:183:6:disconnectWifi	8	static
main.c:190:6:manualDisconnectWifi	8	static
main.c:197:6:saveNetworkInFlash	32	static
main.c:243:6:autoConnectWifi	24	static
main.c:273:6:translateList	32	static
main.c:332:6:check_if_finish	16	static
main.c:349:6:loadDataFromFlashMemory	32	static
main.c:396:6:saveProductsInFlash	40	static
main.c:495:6:saveShopListInFlash	40	static
main.c:567:13:scanNetworks	8	static
main.c:571:6:deleteProduct	16	static
main.c:587:6:task_updateData	24	static
main.c:672:13:task_Display	16	static
main.c:720:13:task_updateTime	560	static
main.c:766:13:task_readRFID	16	static
main.c:781:5:main	24	static
main.c:849:6:vApplicationMallocFailedHook	4	static
main.c:858:6:vApplicationTickHook	8	static
main.c:870:6:vApplicationStackOverflowHook	16	static
