core_cm4.h:1679:22:__NVIC_EnableIRQ	16	static
fsl_clock.h:698:20:CLOCK_EnableClock	24	static
fsl_common.h:484:28:EnableIRQ	16	static
fsl_gpio.h:153:20:GPIO_PinWrite	24	static
fsl_rtc.h:434:20:RTC_EnableTimer	16	static
fsl_spifi.h:192:20:SPIFI_SetCommandAddress	16	static
fsl_spifi.h:233:20:SPIFI_ResetCommand	16	static
fsl_spifi.h:338:20:SPIFI_WriteData	16	static
fsl_spifi.h:386:23:SPIFI_ReadDataByte	16	static
main.c:115:6:connectWiF	24	static
main.c:168:6:disconnectWifi	8	static
main.c:195:6:saveNetworkInFlash	32	static
main.c:241:6:autoConnectWifi	24	static
main.c:265:6:translateList	24	static
main.c:317:6:check_if_finish	16	static
main.c:334:6:loadDataFromFlashMemory	32	static
main.c:399:6:saveDataInFlash	48	static
main.c:565:13:scanNetworks	8	static
main.c:572:6:task_sendProductsToThingspeak	16	static
main.c:591:6:task_main	24	static
main.c:623:13:AppTask	16	static
main.c:666:13:task_updateTime	568	static
main.c:701:13:RFID_Task	16	static
main.c:716:5:main	24	static
main.c:788:6:vApplicationMallocFailedHook	4	static
main.c:797:6:vApplicationTickHook	8	static
main.c:809:6:vApplicationStackOverflowHook	16	static
