core_cm4.h:1679:22:__NVIC_EnableIRQ	16	static
fsl_clock.h:698:20:CLOCK_EnableClock	24	static
fsl_common.h:484:28:EnableIRQ	16	static
fsl_gpio.h:153:20:GPIO_PinWrite	24	static
fsl_rtc.h:434:20:RTC_EnableTimer	16	static
fsl_spifi.h:192:20:SPIFI_SetCommandAddress	16	static
fsl_spifi.h:233:20:SPIFI_ResetCommand	16	static
fsl_spifi.h:338:20:SPIFI_WriteData	16	static
fsl_spifi.h:386:23:SPIFI_ReadDataByte	16	static
main.c:109:6:connectWiF	24	static
main.c:162:6:disconnectWifi	8	static
main.c:189:6:saveNetworkInFlash	32	static
main.c:236:6:autoConnectWifi	24	static
main.c:260:6:translateList	24	static
main.c:312:6:check_if_finish	16	static
main.c:329:6:loadDataFromFlashMemory	32	static
main.c:394:6:saveDataInFlash	48	static
main.c:558:13:scanNetworks	8	static
main.c:565:6:task_sendProductsToThingspeak	16	static
main.c:579:6:task_main	24	static
main.c:611:13:AppTask	16	static
main.c:652:13:task_updateTime	568	static
main.c:685:13:RFID_Task	16	static
main.c:700:5:main	24	static
main.c:772:6:vApplicationMallocFailedHook	4	static
main.c:781:6:vApplicationTickHook	8	static
main.c:793:6:vApplicationStackOverflowHook	16	static
