core_cm4.h:1679:22:__NVIC_EnableIRQ	16	static
fsl_clock.h:698:20:CLOCK_EnableClock	24	static
fsl_common.h:484:28:EnableIRQ	16	static
fsl_gpio.h:153:20:GPIO_PinWrite	24	static
lv_disp.h:97:26:lv_scr_act	8	static
fsl_rtc.h:434:20:RTC_EnableTimer	16	static
fsl_spifi.h:192:20:SPIFI_SetCommandAddress	16	static
fsl_spifi.h:233:20:SPIFI_ResetCommand	16	static
fsl_spifi.h:338:20:SPIFI_WriteData	16	static
fsl_spifi.h:386:23:SPIFI_ReadDataByte	16	static
main.c:127:6:connectWiF	24	static
main.c:181:6:disconnectWifi	8	static
main.c:206:6:saveNetworkInFlash	32	static
main.c:251:6:autoConnectWifi	24	static
main.c:278:6:translateList	24	static
main.c:334:6:check_if_finish	16	static
main.c:348:6:loadDataFromFlashMemory	48	static
main.c:492:6:saveDataInFlash	48	static
main.c:694:13:event_handler	16	static
main.c:719:13:myConsole	24	static
main.c:743:13:scanNetworks	8	static
main.c:757:6:task_sendProductsToThingspeak	16	static
main.c:781:6:task_main	24	static
main.c:824:13:AppTask	16	static
main.c:870:13:task_updateTime	568	static
main.c:899:13:RFID_Task	16	static
main.c:929:5:main	24	static
main.c:1013:6:vApplicationMallocFailedHook	4	static
main.c:1022:6:vApplicationTickHook	8	static
main.c:1034:6:vApplicationStackOverflowHook	16	static
