fsl_gpio.h:153:20:GPIO_PinWrite	24	static
RC522.c:16:6:dispPRINTFth	16	static
RC522.c:22:6:setConsoleLabel2	16	static
RC522.c:29:6:RC522_Init	32	static
RC522.c:63:6:RC522_WriteDataToRegister	56	dynamic
RC522.c:114:6:RC522_WriteByteToRegister	40	static
RC522.c:159:6:RC522_ReadDataFromRegister	80	static
RC522.c:238:9:RC522_ReadByteFromRegister	48	static
RC522.c:292:6:RC522_TurnOnAntena	16	static
RC522.c:303:6:RC522_SoftReset	16	static
RC522.c:315:6:RC522_GetFirmwareVersion	16	static
RC522.c:349:6:RC522_IsNewCardPresent	16	static
RC522.c:385:17:RC522_RequestA	16	static
RC522.c:390:17:RC522_REQAorWUPA	48	static
RC522.c:435:6:RC522_ClearRegisterMask	24	static
RC522.c:442:17:RC522_TransceiveData1	56	static
RC522.c:456:17:RC522_ComunicateWithPICC	32	static
RC522.c:576:6:RC522_SetRegisterBitMask	24	static
RC522.c:582:17:RC522_CalculateCRC	40	static
RC522.c:650:6:RC522_ReadCardSerial	32	static
RC522.c:699:5:RC522_getUid	16	static
RC522.c:936:17:RC522_PICC_Select	72	static
RC522.c:1148:6:checkStatus	16	static
RC522.c:1169:17:RC522_Halt	32	static
RC522.c:1200:6:RC522_StopCrypto1	8	static
RC522.c:1204:17:RC522_Authenticate	64	static
RC522.c:1227:17:RC522_MIFARE_Read	48	static
RC522.c:1256:17:RC522_NTAG215_AUTH	72	static
RC522.c:1297:6:RC522_DumpMifareUltralightToSerial	56	static
