wlan_qcom.c:448:13:udpHelp	16	static
wlan_qcom.c:246:14:getSecurityStr	24	static
wlan_qcom.c:170:13:onConnect	16	static
wlan_qcom.c:61:12:isQcomError	8	static
wlan_qcom.c:74:12:isValueFailed.constprop	8	static
wlan_qcom.c:47:6:printHeapFree	0	static
wlan_qcom.c:93:5:traceQcomApi	0	static
wlan_qcom.c:115:6:getDhcp	48	static
wlan_qcom.c:154:6:printIpConfig	48	static
wlan_qcom.c:210:5:isConnected	0	static
wlan_qcom.c:269:6:apScan	72	static
wlan_qcom.c:323:6:apConnect	72	static
wlan_qcom.c:368:6:apDisconnect	8	static
wlan_qcom.c:378:10:resolveHostname	32	static
wlan_qcom.c:397:10:pingHost	24	static
wlan_qcom.c:421:6:resolveManyHosts	32	static
wlan_qcom.c:455:6:udpBind	24	static
wlan_qcom.c:489:5:udpPollAndRecv	48	static
wlan_qcom.c:526:5:udpSendEcho	24	static
wlan_qcom.c:559:6:httpGet	568	static
wlan_qcom.c:631:6:httpDelete	1080	static
wlan_qcom.c:701:6:httpPost	2104	static
