spi_hcd.c:90:10:DoPioWriteInternal	32	static
spi_hcd.c:138:17:DoPioReadInternal	40	static
spi_hcd.c:161:13:EnableDisableSPIIRQHwDetect	24	static
spi_hcd.c:201:17:MaskSPIInterrupts	24	static
spi_hcd.c:220:17:HandleExternalReadDone	24	static
spi_hcd.c:263:1:Hcd_DoPioInternalAccess	32	static
spi_hcd.c:288:1:Hcd_DoPioExternalAccess	32	static
spi_hcd.c:390:17:ResetWriteBufferWaterMark	24	static
spi_hcd.c:410:17:ConfigureByteSwap	24	static
spi_hcd.c:461:17:DoDMAOp	32	static
spi_hcd.c:542:1:Hcd_ProgramWriteBufferWaterMark	40	static
spi_hcd.c:643:6:Hcd_RefreshWriteBufferSpace	24	static
spi_hcd.c:660:1:Hcd_Request	32	static
spi_hcd.c:705:9:Hcd_ReadCPUInterrupt	112	static
spi_hcd.c:729:6:Hcd_ClearCPUInterrupt	104	static
spi_hcd.c:758:1:Hcd_UnmaskInterrupts	24	static
spi_hcd.c:771:6:Hcd_EnableCPUInterrupt	104	static
spi_hcd.c:799:9:Hcd_BusInterrupt	56	static
spi_hcd.c:976:1:Hcd_ReinitTarget	24	static
spi_hcd.c:1007:6:Hcd_Deinitialize	16	static
spi_hcd.c:1022:1:Hcd_GetLookAhead	40	static
spi_hcd.c:1087:1:Hcd_Init	32	static
spi_hcd.c:1257:17:Hcd_TransferData	16	static
spi_hcd.c:1265:6:HW_EnableDisableSPIIRQ	32	static
spi_hcd.c:1314:1:Bus_InOutDescriptorSet	48	static
spi_hcd.c:1390:1:Bus_InOutToken	32	static
spi_hcd.c:1430:6:Bus_TransferComplete	24	static
spi_hcd.c:1447:6:HW_EnableDisableIRQ	24	static
spi_hcd.c:1452:6:Hcd_Irq	16	static
spi_hcd.c:1459:6:Hcd_MaskInterrupts	16	static
