lv_mem.h:153:44:_lv_memcpy_small	32	static
lv_anim.c:61:6:_lv_anim_core_init	8	static
lv_anim.c:79:6:lv_anim_init	16	static
lv_anim.c:93:6:lv_anim_start	24	static
lv_anim.c:132:6:lv_anim_del	32	static
lv_anim.c:163:13:lv_anim_get	24	static
lv_anim.c:179:10:lv_anim_count_running	16	static
lv_anim.c:195:10:lv_anim_speed_to_time	24	static
lv_anim.c:215:6:lv_anim_refr_now	8	static
lv_anim.c:225:17:lv_anim_path_linear	24	static
lv_anim.c:251:17:lv_anim_path_ease_in	40	static
lv_anim.c:275:17:lv_anim_path_ease_out	40	static
lv_anim.c:300:17:lv_anim_path_ease_in_out	40	static
lv_anim.c:325:17:lv_anim_path_overshoot	40	static
lv_anim.c:351:17:lv_anim_path_bounce	40	static
lv_anim.c:413:17:lv_anim_path_step	16	static
lv_anim.c:429:13:anim_task	32	static
lv_anim.c:492:13:anim_ready_handler	88	static
lv_anim.c:538:13:anim_mark_list_change	8	static
