lv_mem.h:153:44:_lv_memcpy_small.constprop	8	static
lv_ll.c:401:13:node_set_prev.isra.0	16	static
lv_ll.c:418:13:node_set_next.isra.0	16	static
lv_ll.c:50:6:_lv_ll_init	0	static
lv_ll.c:76:8:_lv_ll_ins_head	16	static
lv_ll.c:135:8:_lv_ll_ins_tail	16	static
lv_ll.c:263:8:_lv_ll_get_head	0	static
lv_ll.c:279:8:_lv_ll_get_tail	0	static
lv_ll.c:296:8:_lv_ll_get_next	16	static
lv_ll.c:314:8:_lv_ll_get_prev	16	static
lv_ll.c:105:8:_lv_ll_ins_prev	24	static
lv_ll.c:163:6:_lv_ll_remove	16	static
lv_ll.c:198:6:_lv_ll_clear	16	static
lv_ll.c:224:6:_lv_ll_chg_list	16	static
lv_ll.c:331:10:_lv_ll_get_len	16	static
lv_ll.c:349:6:_lv_ll_move_before	24	static
lv_ll.c:382:6:_lv_ll_is_empty	0	static
