lv_anim.h:129:20:lv_anim_set_var	16	static
lv_anim.h:141:20:lv_anim_set_exec_cb	16	static
lv_anim.h:151:20:lv_anim_set_time	16	static
lv_anim.h:172:20:lv_anim_set_values	16	static
lv_anim.h:230:20:lv_anim_set_playback_time	16	static
lv_anim.h:250:20:lv_anim_set_repeat_count	16	static
lv_obj_style_dec.h:110:1:lv_obj_set_style_local_pad_top	16	static
lv_obj_style_dec.h:111:1:lv_obj_set_style_local_pad_bottom	16	static
lv_obj_style_dec.h:112:1:lv_obj_set_style_local_pad_left	16	static
lv_obj_style_dec.h:113:1:lv_obj_set_style_local_pad_right	16	static
lv_obj_style_dec.h:114:1:lv_obj_get_style_pad_inner	16	static
lv_obj_style_dec.h:115:1:lv_obj_get_style_margin_top	16	static
lv_obj_style_dec.h:115:1:lv_obj_set_style_local_margin_top	16	static
lv_obj_style_dec.h:115:1:lv_style_set_margin_top	16	static
lv_obj_style_dec.h:116:1:lv_obj_set_style_local_margin_bottom	16	static
lv_obj_style_dec.h:123:1:lv_style_set_bg_color	16	static
lv_obj_style_dec.h:125:1:lv_obj_set_style_local_bg_opa	16	static
lv_obj_style_dec.h:125:1:lv_style_set_bg_opa	16	static
lv_obj_style_dec.h:131:1:lv_obj_set_style_local_border_opa	16	static
lv_obj_style_dec.h:153:1:lv_obj_set_style_local_value_ofs_x	16	static
lv_obj_style_dec.h:154:1:lv_obj_set_style_local_value_ofs_y	16	static
lv_obj_style_dec.h:154:1:lv_style_set_value_ofs_y	16	static
lv_obj_style_dec.h:155:1:lv_obj_set_style_local_value_align	16	static
lv_obj_style_dec.h:155:1:lv_style_set_value_align	16	static
lv_obj_style_dec.h:157:1:lv_obj_set_style_local_value_opa	16	static
lv_obj_style_dec.h:158:1:lv_obj_set_style_local_value_font	24	static
lv_obj_style_dec.h:159:1:lv_obj_set_style_local_value_str	24	static
lv_obj_style_dec.h:167:1:lv_obj_set_style_local_text_font	24	static
lv_obj_style_dec.h:179:1:lv_obj_set_style_local_transition_time	16	static
lv_obj_style_dec.h:185:1:lv_obj_set_style_local_transition_prop_5	16	static
lv_obj_style_dec.h:186:1:lv_obj_set_style_local_transition_prop_6	16	static
lv_disp.h:97:26:lv_scr_act	8	static
lv_cont.h:158:20:lv_cont_set_fit2	24	static
lv_cont.h:169:20:lv_cont_set_fit	24	static
lv_btn.h:133:20:lv_btn_set_fit2	16	static
lv_page.h:227:20:lv_page_set_scrl_layout	16	static
lv_list.h:136:20:lv_list_set_scroll_propagation	16	static
lv_slider.h:83:20:lv_slider_set_value	16	static
lv_slider.h:94:20:lv_slider_set_left_value	16	static
lv_slider.h:126:20:lv_slider_set_type	16	static
lv_slider.h:152:23:lv_slider_get_left_value	16	static
lv_slider.h:199:32:lv_slider_get_type	24	static
lv_switch.h:113:20:lv_switch_get_state	24	static
lv_demo_widgets.c:61:6:lv_demo_widgets	24	static
lv_demo_widgets.c:104:13:controls_create	64	static
lv_demo_widgets.c:201:13:visuals_create	168	static
lv_demo_widgets.c:400:13:selectors_create	168	static
lv_demo_widgets.c:540:13:slider_event_cb	32	static
lv_demo_widgets.c:557:13:ta_event_cb	24	static
lv_demo_widgets.c:574:13:kb_event_cb	24	static
lv_demo_widgets.c:588:13:bar_anim	40	static
lv_demo_widgets.c:602:13:arc_anim	32	static
lv_demo_widgets.c:614:13:linemeter_anim	32	static
lv_demo_widgets.c:625:13:gauge_anim	32	static
lv_demo_widgets.c:636:13:table_event_cb	24	static
lv_demo_widgets.c:653:13:color_chg_event_cb	64	static
