cust_api_stack_offload.c:59:9:t_socket	48	static
cust_api_stack_offload.c:101:9:t_shutdown	16	static
cust_api_stack_offload.c:122:9:t_connect	24	static
cust_api_stack_offload.c:143:9:t_bind	24	static
cust_api_stack_offload.c:164:9:t_listen	16	static
cust_api_stack_offload.c:185:9:t_accept	24	static
cust_api_stack_offload.c:202:9:t_accept_nb	24	static
cust_api_stack_offload.c:219:9:t_select_ver1	32	static
cust_api_stack_offload.c:244:9:t_select	16	static
cust_api_stack_offload.c:265:9:t_errno	16	static
cust_api_stack_offload.c:286:9:t_setsockopt	32	static
cust_api_stack_offload.c:309:9:t_getsockopt	32	static
cust_api_stack_offload.c:334:10:t_ipconfig	40	static
cust_api_stack_offload.c:365:10:t_ip6config	48	static
cust_api_stack_offload.c:398:9:t_ipconfig_dhcp_pool	24	static
cust_api_stack_offload.c:424:9:t_ipconfig_dhcps_cb_enable	0	static
cust_api_stack_offload.c:441:9:t_ipconfig_dhcpc_cb_enable	0	static
cust_api_stack_offload.c:452:10:t_ip6config_router_prefix	32	static
cust_api_stack_offload.c:477:10:custom_ipbridgemode	16	static
cust_api_stack_offload.c:497:10:custom_ipconfig_set_tcp_exponential_backoff_retry	16	static
cust_api_stack_offload.c:516:9:custom_ipconfig_set_ip6_status	16	static
cust_api_stack_offload.c:532:10:custom_ipconfig_dhcp_release	8	static
cust_api_stack_offload.c:550:9:Custom_Api_Dhcps_Success_Callback_Event	8	static
cust_api_stack_offload.c:560:9:Custom_Api_Dhcpc_Success_Callback_Event	8	static
cust_api_stack_offload.c:570:10:custom_ipconfig_set_tcp_rx_buffer	16	static
cust_api_stack_offload.c:590:10:custom_ip_http_server	16	static
cust_api_stack_offload.c:614:10:custom_ip_http_server_method	40	static
cust_api_stack_offload.c:639:6:Custom_Api_Http_Post_Event	24	static
cust_api_stack_offload.c:655:9:custom_http_set_post_cb	0	static
cust_api_stack_offload.c:671:10:custom_httpc_method	32	static
cust_api_stack_offload.c:706:9:custom_ip_hostname	16	static
cust_api_stack_offload.c:723:9:custom_ip_dns_local_domain	16	static
cust_api_stack_offload.c:738:9:custom_ipdns	24	static
cust_api_stack_offload.c:754:9:custom_ip_dns_server	16	static
cust_api_stack_offload.c:773:9:custom_ip_set_dns_block_time	0	static
cust_api_stack_offload.c:786:9:custom_ip_resolve_hostname	16	static
cust_api_stack_offload.c:803:9:custom_ip_dns_server_addr	16	static
cust_api_stack_offload.c:818:9:custom_ip_dns_client	16	static
cust_api_stack_offload.c:837:9:custom_ip_sntp_srvr_addr	16	static
cust_api_stack_offload.c:853:9:custom_ip_sntp_get_time	16	static
cust_api_stack_offload.c:868:9:custom_ip_sntp_get_time_of_day	16	static
cust_api_stack_offload.c:883:9:custom_ip_sntp_modify_zone_dse	24	static
cust_api_stack_offload.c:899:9:custom_ip_sntp_query_srvr_address	16	static
cust_api_stack_offload.c:915:9:custom_ip_sntp_client	16	static
cust_api_stack_offload.c:934:10:custom_ipv4_route	40	static
cust_api_stack_offload.c:960:10:custom_ipv6_route	40	static
cust_api_stack_offload.c:986:10:custom_tcp_connection_timeout	16	static
cust_api_stack_offload.c:1004:9:custom_ota_upgrade	40	static
cust_api_stack_offload.c:1027:9:custom_ota_read_area	24	static
cust_api_stack_offload.c:1044:9:custom_ota_done	16	static
cust_api_stack_offload.c:1061:9:custom_ota_session_start	16	static
cust_api_stack_offload.c:1078:10:custom_ota_partition_get_size	8	static
cust_api_stack_offload.c:1095:9:custom_ota_partition_erase	8	static
cust_api_stack_offload.c:1112:9:custom_ota_partition_verify_checksum	8	static
cust_api_stack_offload.c:1129:9:custom_ota_parse_image_hdr	16	static
cust_api_stack_offload.c:1146:9:custom_ota_partition_write_data	24	static
cust_api_stack_offload.c:1163:9:custom_ota_set_response_cb	0	static
cust_api_stack_offload.c:1171:6:Custom_Api_Ota_Resp_Result	24	static
cust_api_stack_offload.c:1189:10:t_ping	24	static
cust_api_stack_offload.c:1213:10:t_ping6	24	static
cust_api_stack_offload.c:1286:9:t_sendto	160	static
cust_api_stack_offload.c:1238:9:t_send	56	static
cust_api_stack_offload.c:1513:6:zero_copy_free	8	static
cust_api_stack_offload.c:695:6:zero_copy_http_free	0	static
cust_api_stack_offload.c:1533:9:Api_recvfrom	32	static
cust_api_stack_offload.c:1465:9:t_recvfrom	32	static
cust_api_stack_offload.c:1498:9:t_recv	24	static
cust_api_stack_offload.c:1780:6:txpkt_free	8	static
cust_api_stack_offload.c:1824:7:custom_alloc	8	static
cust_api_stack_offload.c:1859:6:custom_free	16	static
cust_api_stack_offload.c:1886:10:get_total_pkts_buffered	0	static
cust_api_stack_offload.c:1912:10:SSL_ctx_new	32	static
cust_api_stack_offload.c:1933:9:SSL_ctx_free	16	static
cust_api_stack_offload.c:1957:6:SSL_new	16	static
cust_api_stack_offload.c:1980:9:SSL_set_fd	16	static
cust_api_stack_offload.c:2003:9:SSL_accept	16	static
cust_api_stack_offload.c:2026:9:SSL_connect	16	static
cust_api_stack_offload.c:2049:9:SSL_shutdown	16	static
cust_api_stack_offload.c:2072:9:SSL_configure	16	static
cust_api_stack_offload.c:2099:9:SSL_setCaList	32	static
cust_api_stack_offload.c:2124:9:SSL_addCert	32	static
cust_api_stack_offload.c:2148:9:SSL_storeCert	24	static
cust_api_stack_offload.c:2172:9:SSL_loadCert	24	static
cust_api_stack_offload.c:2189:9:SSL_listCert	16	static
cust_api_stack_offload.c:2218:9:SSL_read	32	static
cust_api_stack_offload.c:2242:9:SSL_write	24	static
