lv_hal_disp.c:57:6:lv_disp_drv_init	8	static
lv_hal_disp.c:104:6:lv_disp_buf_init	24	static
lv_hal_disp.c:120:13:lv_disp_drv_register	16	static
lv_hal_disp.c:183:6:lv_disp_remove	24	static
lv_hal_disp.c:208:6:lv_disp_set_default	0	static
lv_hal_disp.c:217:13:lv_disp_get_default	0	static
lv_hal_disp.c:227:12:lv_disp_get_hor_res	0	static
lv_hal_disp.c:242:12:lv_disp_get_ver_res	0	static
lv_hal_disp.c:169:6:lv_disp_drv_update	16	static
lv_hal_disp.c:257:6:lv_disp_get_antialiasing	0	static
lv_hal_disp.c:274:10:lv_disp_get_dpi	0	static
lv_hal_disp.c:286:16:lv_disp_get_size_category	8	static
lv_hal_disp.c:308:31:lv_disp_flush_ready	0	static
lv_hal_disp.c:328:31:lv_disp_flush_is_last	0	static
lv_hal_disp.c:338:13:lv_disp_get_next	0	static
lv_hal_disp.c:351:17:lv_disp_get_buf	0	static
lv_hal_disp.c:360:10:lv_disp_get_inv_buf_size	0	static
lv_hal_disp.c:369:6:_lv_disp_pop_from_inv_buf	0	static
lv_hal_disp.c:383:6:lv_disp_is_double_buf	0	static
lv_hal_disp.c:397:6:lv_disp_is_true_double_buf	8	static
