lv_color.h:438:48:lv_color_mix	24	static
lv_color.h:594:26:lv_color_make	16	static
lv_color.h:599:26:lv_color_hex	16	static
lv_color.h:604:26:lv_color_hex3	16	static
lv_obj_style_dec.h:102:1:lv_style_set_radius	16	static
lv_obj_style_dec.h:103:1:lv_style_set_clip_corner	16	static
lv_obj_style_dec.h:104:1:lv_style_set_size	16	static
lv_obj_style_dec.h:105:1:lv_style_set_transform_width	16	static
lv_obj_style_dec.h:110:1:lv_style_set_pad_top	16	static
lv_obj_style_dec.h:111:1:lv_style_set_pad_bottom	16	static
lv_obj_style_dec.h:112:1:lv_style_set_pad_left	16	static
lv_obj_style_dec.h:113:1:lv_style_set_pad_right	16	static
lv_obj_style_dec.h:114:1:lv_style_set_pad_inner	16	static
lv_obj_style_dec.h:115:1:lv_style_set_margin_top	16	static
lv_obj_style_dec.h:116:1:lv_style_set_margin_bottom	16	static
lv_obj_style_dec.h:117:1:lv_style_set_margin_left	16	static
lv_obj_style_dec.h:118:1:lv_style_set_margin_right	16	static
lv_obj_style_dec.h:123:1:lv_style_set_bg_color	16	static
lv_obj_style_dec.h:125:1:lv_style_set_bg_opa	16	static
lv_obj_style_dec.h:126:1:lv_style_set_border_width	16	static
lv_obj_style_dec.h:127:1:lv_style_set_border_side	16	static
lv_obj_style_dec.h:129:1:lv_style_set_border_post	16	static
lv_obj_style_dec.h:130:1:lv_style_set_border_color	16	static
lv_obj_style_dec.h:131:1:lv_style_set_border_opa	16	static
lv_obj_style_dec.h:132:1:lv_style_set_outline_width	16	static
lv_obj_style_dec.h:133:1:lv_style_set_outline_pad	16	static
lv_obj_style_dec.h:135:1:lv_style_set_outline_color	16	static
lv_obj_style_dec.h:136:1:lv_style_set_outline_opa	16	static
lv_obj_style_dec.h:137:1:lv_style_set_shadow_width	16	static
lv_obj_style_dec.h:140:1:lv_style_set_shadow_spread	16	static
lv_obj_style_dec.h:142:1:lv_style_set_shadow_color	16	static
lv_obj_style_dec.h:146:1:lv_style_set_pattern_recolor	16	static
lv_obj_style_dec.h:149:1:lv_style_set_pattern_image	24	static
lv_obj_style_dec.h:156:1:lv_style_set_value_color	16	static
lv_obj_style_dec.h:158:1:lv_style_set_value_font	24	static
lv_obj_style_dec.h:161:1:lv_style_set_text_line_space	16	static
lv_obj_style_dec.h:164:1:lv_style_set_text_color	16	static
lv_obj_style_dec.h:167:1:lv_style_set_text_font	24	static
lv_obj_style_dec.h:168:1:lv_style_set_line_width	16	static
lv_obj_style_dec.h:170:1:lv_style_set_line_dash_width	16	static
lv_obj_style_dec.h:171:1:lv_style_set_line_dash_gap	16	static
lv_obj_style_dec.h:172:1:lv_style_set_line_rounded	16	static
lv_obj_style_dec.h:173:1:lv_style_set_line_color	16	static
lv_obj_style_dec.h:176:1:lv_style_set_image_recolor	16	static
lv_obj_style_dec.h:179:1:lv_style_set_transition_time	16	static
lv_obj_style_dec.h:180:1:lv_style_set_transition_delay	16	static
lv_obj_style_dec.h:184:1:lv_style_set_transition_prop_4	16	static
lv_obj_style_dec.h:185:1:lv_style_set_transition_prop_5	16	static
lv_obj_style_dec.h:186:1:lv_style_set_transition_prop_6	16	static
lv_obj_style_dec.h:193:1:lv_style_set_scale_width	16	static
lv_obj_style_dec.h:195:1:lv_style_set_scale_end_border_width	16	static
lv_obj_style_dec.h:196:1:lv_style_set_scale_end_line_width	16	static
lv_obj_style_dec.h:197:1:lv_style_set_scale_grad_color	16	static
lv_obj_style_dec.h:198:1:lv_style_set_scale_end_color	16	static
lv_theme_material.c:188:13:basic_init	24	static
lv_theme_material.c:317:13:cont_init	4	static
lv_theme_material.c:324:13:btn_init	4	static
lv_theme_material.c:331:13:label_init	4	static
lv_theme_material.c:338:13:bar_init	8	static
lv_theme_material.c:363:13:img_init	4	static
lv_theme_material.c:370:13:line_init	4	static
lv_theme_material.c:377:13:led_init	8	static
lv_theme_material.c:393:13:slider_init	8	static
lv_theme_material.c:415:13:switch_init	8	static
lv_theme_material.c:429:13:linemeter_init	8	static
lv_theme_material.c:448:13:gauge_init	8	static
lv_theme_material.c:484:13:arc_init	8	static
lv_theme_material.c:499:13:spinner_init	4	static
lv_theme_material.c:505:13:chart_init	8	static
lv_theme_material.c:526:13:calendar_init	8	static
lv_theme_material.c:564:13:cpicker_init	8	static
lv_theme_material.c:589:13:checkbox_init	8	static
lv_theme_material.c:616:13:btnmatrix_init	4	static
lv_theme_material.c:620:13:keyboard_init	16	static
lv_theme_material.c:637:13:msgbox_init	8	static
lv_theme_material.c:647:13:page_init	8	static
lv_theme_material.c:666:13:textarea_init	8	static
lv_theme_material.c:680:13:spinbox_init	8	static
lv_theme_material.c:694:13:list_init	8	static
lv_theme_material.c:743:13:ddlist_init	8	static
lv_theme_material.c:760:13:roller_init	8	static
lv_theme_material.c:773:13:tabview_init	8	static
lv_theme_material.c:815:13:tileview_init	4	static
lv_theme_material.c:821:13:table_init	8	static
lv_theme_material.c:836:13:win_init	4	static
lv_theme_material.c:859:14:lv_theme_material_init	24	static
lv_theme_material.c:914:13:theme_apply	24	static
lv_theme_material.c:1428:13:style_init_reset	16	static
