lv_color.h:438:48:lv_color_mix	20	static
lv_mem.h:153:44:_lv_memcpy_small	8	static
lv_img_buf.c:52:12:lv_img_buf_get_px_color	32	static
lv_img_buf.c:119:10:lv_img_buf_get_px_alpha	40	static
lv_img_buf.c:182:6:lv_img_buf_set_px_alpha	24	static
lv_img_buf.c:241:6:lv_img_buf_set_px_color	32	static
lv_img_buf.c:310:6:lv_img_buf_set_palette	24	static
lv_img_buf.c:367:6:lv_img_buf_free	8	static
lv_img_buf.c:384:10:lv_img_buf_get_img_size	20	static
lv_img_buf.c:331:16:lv_img_buf_alloc	24	static
lv_img_buf.c:420:6:_lv_img_buf_transform_init	32	static
lv_img_buf.c:470:6:_lv_img_buf_get_transformed_area	48	static
lv_img_buf.c:538:6:_lv_img_buf_transform_anti_alias	72	static
